Archive member included to satisfy reference by file (symbol)

app/libapp.a(eth_w6300.c.obj)
                              (--whole-archive)
app/libapp.a(main.c.obj)      (--whole-archive)
zephyr/libzephyr.a(validate_libc.c.obj)
                              (--whole-archive)
zephyr/libzephyr.a(heap.c.obj)
                              (--whole-archive)
zephyr/libzephyr.a(cbprintf_packaged.c.obj)
                              (--whole-archive)
zephyr/libzephyr.a(clock.c.obj)
                              (--whole-archive)
zephyr/libzephyr.a(printk.c.obj)
                              (--whole-archive)
zephyr/libzephyr.a(sem.c.obj)
                              (--whole-archive)
zephyr/libzephyr.a(thread_entry.c.obj)
                              (--whole-archive)
zephyr/libzephyr.a(cbprintf_complete.c.obj)
                              (--whole-archive)
zephyr/libzephyr.a(assert.c.obj)
                              (--whole-archive)
zephyr/libzephyr.a(mpsc_pbuf.c.obj)
                              (--whole-archive)
zephyr/libzephyr.a(dec.c.obj)
                              (--whole-archive)
zephyr/libzephyr.a(hex.c.obj)
                              (--whole-archive)
zephyr/libzephyr.a(rb.c.obj)  (--whole-archive)
zephyr/libzephyr.a(timeutil.c.obj)
                              (--whole-archive)
zephyr/libzephyr.a(bitarray.c.obj)
                              (--whole-archive)
zephyr/libzephyr.a(bitmask.c.obj)
                              (--whole-archive)
zephyr/libzephyr.a(getopt.c.obj)
                              (--whole-archive)
zephyr/libzephyr.a(getopt_common.c.obj)
                              (--whole-archive)
zephyr/libzephyr.a(ring_buffer.c.obj)
                              (--whole-archive)
zephyr/libzephyr.a(last_section_id.c.obj)
                              (--whole-archive)
zephyr/libzephyr.a(configs.c.obj)
                              (--whole-archive)
zephyr/libzephyr.a(soc.c.obj)
                              (--whole-archive)
zephyr/libzephyr.a(log_core.c.obj)
                              (--whole-archive)
zephyr/libzephyr.a(log_mgmt.c.obj)
                              (--whole-archive)
zephyr/libzephyr.a(log_cache.c.obj)
                              (--whole-archive)
zephyr/libzephyr.a(log_msg.c.obj)
                              (--whole-archive)
zephyr/libzephyr.a(tracing_none.c.obj)
                              (--whole-archive)
zephyr/libzephyr.a(addr_utils.c.obj)
                              (--whole-archive)
zephyr/arch/common/libarch__common.a(sw_isr_common.c.obj)
                              (--whole-archive)
zephyr/arch/common/libarch__common.a(init.c.obj)
                              (--whole-archive)
zephyr/arch/common/libarch__common.a(xip.c.obj)
                              (--whole-archive)
zephyr/arch/arch/riscv/core/libarch__riscv__core.a(cpu_idle.c.obj)
                              (--whole-archive)
zephyr/arch/arch/riscv/core/libarch__riscv__core.a(fatal.c.obj)
                              (--whole-archive)
zephyr/arch/arch/riscv/core/libarch__riscv__core.a(irq_manage.c.obj)
                              (--whole-archive)
zephyr/arch/arch/riscv/core/libarch__riscv__core.a(prep_c.c.obj)
                              (--whole-archive)
zephyr/arch/arch/riscv/core/libarch__riscv__core.a(reboot.c.obj)
                              (--whole-archive)
zephyr/arch/arch/riscv/core/libarch__riscv__core.a(reset.S.obj)
                              (--whole-archive)
zephyr/arch/arch/riscv/core/libarch__riscv__core.a(switch.S.obj)
                              (--whole-archive)
zephyr/arch/arch/riscv/core/libarch__riscv__core.a(thread.c.obj)
                              (--whole-archive)
zephyr/arch/arch/riscv/core/libarch__riscv__core.a(isr.S.obj)
                              (--whole-archive)
zephyr/arch/arch/riscv/core/libarch__riscv__core.a(tls.c.obj)
                              (--whole-archive)
zephyr/arch/arch/riscv/core/libarch__riscv__core.a(stacktrace.c.obj)
                              (--whole-archive)
zephyr/lib/libc/picolibc/liblib__libc__picolibc.a(assert.c.obj)
                              (--whole-archive)
zephyr/lib/libc/picolibc/liblib__libc__picolibc.a(cbprintf.c.obj)
                              (--whole-archive)
zephyr/lib/libc/picolibc/liblib__libc__picolibc.a(chk_fail.c.obj)
                              (--whole-archive)
zephyr/lib/libc/picolibc/liblib__libc__picolibc.a(errno_wrap.c.obj)
                              (--whole-archive)
zephyr/lib/libc/picolibc/liblib__libc__picolibc.a(exit.c.obj)
                              (--whole-archive)
zephyr/lib/libc/picolibc/liblib__libc__picolibc.a(locks.c.obj)
                              (--whole-archive)
zephyr/lib/libc/picolibc/liblib__libc__picolibc.a(stdio.c.obj)
                              (--whole-archive)
zephyr/lib/libc/common/liblib__libc__common.a(abort.c.obj)
                              (--whole-archive)
zephyr/lib/libc/common/liblib__libc__common.a(time.c.obj)
[...]
Memory Configuration

Name             Origin             Length             Attributes
ROM              0x0000000010000000 0x0000000000200000 xr
RAM              0x0000000020000000 0x0000000000082000 xrw
IDT_LIST         0x00000000fffff000 0x0000000000001000 xw
*default*        0x0000000000000000 0xffffffffffffffff

Linker script and memory map

                0x0000000010000e1c                vfprintf = __l_vfprintf
                0x0000000000000000                vfscanf = __l_vfscanf
LOAD zephyr/CMakeFiles/zephyr_pre0.dir/misc/empty_file.c.obj
LOAD zephyr/CMakeFiles/offsets.dir/./arch/riscv/core/offsets/offsets.c.obj
LOAD app/libapp.a
LOAD zephyr/libzephyr.a
LOAD zephyr/arch/common/libarch__common.a
LOAD zephyr/arch/arch/riscv/core/libarch__riscv__core.a
LOAD zephyr/lib/libc/picolibc/liblib__libc__picolibc.a
LOAD zephyr/lib/libc/common/liblib__libc__common.a
LOAD zephyr/lib/posix/c_lib_ext/liblib__posix__c_lib_ext.a
LOAD zephyr/lib/net_buf/liblib__net_buf.a
LOAD zephyr/soc/soc/rp2350a/rp2350/libsoc__raspberrypi__rpi_pico__rp2350.a
LOAD zephyr/subsys/net/l2/ethernet/libsubsys__net__l2__ethernet.a
LOAD zephyr/subsys/net/ip/libsubsys__net__ip.a
LOAD zephyr/drivers/interrupt_controller/libdrivers__interrupt_controller.a
LOAD zephyr/drivers/gpio/libdrivers__gpio.a
LOAD zephyr/drivers/pinctrl/libdrivers__pinctrl.a
LOAD zephyr/drivers/spi/libdrivers__spi.a
LOAD zephyr/drivers/timer/libdrivers__timer.a
LOAD modules/hal_rpi_pico/libmodules__hal_rpi_pico.a
LOAD zephyr/kernel/libkernel.a
LOAD zephyr/arch/common/libisr_tables.a
LOAD /home/suzinee_u/workspace/rpi-zephyr/zephyr-sdk-0.17.0/riscv64-zephyr-elf/bin/../lib/gcc/../../picolibc/riscv64-zephyr-elf/lib/./libc.a
LOAD /home/suzinee_u/workspace/rpi-zephyr/zephyr-sdk-0.17.0/riscv64-zephyr-elf/bin/../lib/gcc/riscv64-zephyr-elf/12.2.0/libgcc.a

.rel.plt        0x0000000000000000        0x0
 *(SORT_BY_ALIGNMENT(.rel.plt))
                [!provide]                        PROVIDE (__rel_iplt_start = .)
 *(SORT_BY_ALIGNMENT(.rel.iplt))
                [!provide]                        PROVIDE (__rel_iplt_end = .)

.rela.plt       0x0000000000000000        0x0
 *(SORT_BY_ALIGNMENT(.rela.plt))
                [!provide]                        PROVIDE (__rela_iplt_start = .)
 *(SORT_BY_ALIGNMENT(.rela.iplt))
                [!provide]                        PROVIDE (__rela_iplt_end = .)

.rel.dyn
 *(SORT_BY_ALIGNMENT(.rel.*))

.rela.dyn       0x0000000010000000        0x0
 *(SORT_BY_ALIGNMENT(.rela.*))
 .rela.text.cbvprintf_package
                0x0000000010000000        0x0 app/libapp.a(eth_w6300.c.obj)
 .rela.text.cbprintf_package_convert
                0x0000000010000000        0x0 app/libapp.a(eth_w6300.c.obj)
 .rela.text.activate_foreach_backend
                0x0000000010000000        0x0 app/libapp.a(eth_w6300.c.obj)
 .rela.text.z_log_init
                0x0000000010000000        0x0 app/libapp.a(eth_w6300.c.obj)
 .rela.text.dropped_notify
                0x0000000010000000        0x0 app/libapp.a(eth_w6300.c.obj)
 .rela.text.log_core_init
                0x0000000010000000        0x0 app/libapp.a(eth_w6300.c.obj)
 .rela.text.z_impl_log_process
                0x0000000010000000        0x0 app/libapp.a(eth_w6300.c.obj)
 .rela.text.z_impl_log_panic
                0x0000000010000000        0x0 app/libapp.a(eth_w6300.c.obj)
 .rela.text.log_process_thread_func
                0x0000000010000000        0x0 app/libapp.a(eth_w6300.c.obj)
 .rela.text.arch_bss_zero
                0x0000000010000000        0x0 app/libapp.a(eth_w6300.c.obj)
 .rela.text.arch_data_copy
                0x0000000010000000        0x0 app/libapp.a(eth_w6300.c.obj)
 .rela.text.arch_tls_stack_setup
                0x0000000010000000        0x0 app/libapp.a(eth_w6300.c.obj)
 .rela.text.walk_stackframe
                0x0000000010000000        0x0 app/libapp.a(eth_w6300.c.obj)
 .rela.text.malloc_prepare
                0x0000000010000000        0x0 app/libapp.a(eth_w6300.c.obj)
 .rela.text.net_buf_destroy
                0x0000000010000000        0x0 app/libapp.a(eth_w6300.c.obj)
 .rela.text.net_buf_id
                0x0000000010000000        0x0 app/libapp.a(eth_w6300.c.obj)
 .rela.text.fixed_data_alloc
                0x0000000010000000        0x0 app/libapp.a(eth_w6300.c.obj)
 .rela.text.net_buf_alloc_len
                0x0000000010000000        0x0 app/libapp.a(eth_w6300.c.obj)
 .rela.text.net_buf_unref
                0x0000000010000000        0x0 app/libapp.a(eth_w6300.c.obj)
 .rela.text.ethernet_recv
                0x0000000010000000        0x0 app/libapp.a(eth_w6300.c.obj)
 .rela.text.z_impl_net_if_get_by_index
                0x0000000010000000        0x0 app/libapp.a(eth_w6300.c.obj)
 .rela.text.net_if_get_default
                0x0000000010000000        0x0 app/libapp.a(eth_w6300.c.obj)
 .rela.text.rs_timeout
                0x0000000010000000        0x0 app/libapp.a(eth_w6300.c.obj)
 .rela.text.net_if_ipv6_addr_lookup_raw
                0x0000000010000000        0x0 app/libapp.a(eth_w6300.c.obj)
 .rela.text.net_if_ipv6_maddr_lookup_raw
                0x0000000010000000        0x0 app/libapp.a(eth_w6300.c.obj)
 .rela.text.net_if_ipv6_addr_onlink
                0x0000000010000000        0x0 app/libapp.a(eth_w6300.c.obj)
 .rela.text.net_if_ipv6_select_src_addr_hint
                0x0000000010000000        0x0 app/libapp.a(eth_w6300.c.obj)
 .rela.text.address_lifetime_timeout
                0x0000000010000000        0x0 app/libapp.a(eth_w6300.c.obj)
 .rela.text.net_if_get_by_iface
                0x0000000010000000        0x0 app/libapp.a(eth_w6300.c.obj)
 .rela.text.net_if_set_name
                0x0000000010000000        0x0 app/libapp.a(eth_w6300.c.obj)
 .rela.text.net_if_init
                0x0000000010000000        0x0 app/libapp.a(eth_w6300.c.obj)
 .rela.text.net_if_post_init
                0x0000000010000000        0x0 app/libapp.a(eth_w6300.c.obj)
 .rela.text.bg_thread_main
                0x0000000010000000        0x0 app/libapp.a(eth_w6300.c.obj)
 .rela.rodata.levels.0
                0x0000000010000000        0x0 app/libapp.a(eth_w6300.c.obj)
 .rela.text.statics_init
                0x0000000010000000        0x0 app/libapp.a(eth_w6300.c.obj)
 .rela.text.init_mem_slab_obj_core_list
                0x0000000010000000        0x0 app/libapp.a(eth_w6300.c.obj)

.plt
 *(SORT_BY_ALIGNMENT(.plt))

.iplt
 *(SORT_BY_ALIGNMENT(.iplt))
                0x0000000010000000                __rom_region_start = 0x10000000

rom_start       0x0000000010000000       0x34
                0x0000000010000000                . = ALIGN (0x10)
                0x0000000010000000                __rom_start_address = .
 FILL mask 0x00
                0x0000000010000000                . = (. + (0x0 - (. - __rom_start_address)))
                0x0000000010000000                . = ALIGN (0x4)
 *(SORT_BY_ALIGNMENT(.vectors.*))
 .vectors.__start
                0x0000000010000000       0x14 zephyr/soc/soc/rp2350a/rp2350/libsoc__raspberrypi__rpi_pico__rp2350.a(vector.S.obj)
                0x0000000010000000                __start
                0x0000000010000014        0x4 LONG 0xffffded3
                0x0000000010000018        0x2 SHORT 0x142
                0x000000001000001a        0x2 SHORT 0x1101
                0x000000001000001c        0x4 LONG 0x344
                0x0000000010000020        0x4 LONG 0x10000000 ABSOLUTE (__start)
                0x0000000010000024        0x4 LONG 0x20001f00 ABSOLUTE (z_interrupt_stacks)
                0x0000000010000028        0x2 SHORT 0x4ff
                0x000000001000002a        0x2 SHORT 0x0
                0x000000001000002c        0x4 LONG 0x0
                0x0000000010000030        0x4 LONG 0xab123579

reset           0x0000000010000034        0x6
 *(SORT_BY_ALIGNMENT(.reset.*))
 .reset.__reset
                0x0000000010000034        0x6 zephyr/arch/arch/riscv/core/libarch__riscv__core.a(reset.S.obj)
                0x0000000010000034                __reset

exceptions      0x000000001000003c      0x172
 *(SORT_BY_ALIGNMENT(.exception.entry.*))
 .exception.entry._isr_wrapper
                0x000000001000003c      0x13e zephyr/arch/arch/riscv/core/libarch__riscv__core.a(isr.S.obj)
                0x000000001000003c                _isr_wrapper
                0x000000001000013e                z_riscv_thread_start
 *(SORT_BY_ALIGNMENT(.exception.other.*))
 *fill*         0x000000001000017a        0x2 
 .exception.other.__soc_handle_all_irqs
                0x000000001000017c       0x32 zephyr/drivers/interrupt_controller/libdrivers__interrupt_controller.a(intc_hazard3.S.obj)
                0x000000001000017c                __soc_handle_all_irqs

text            0x00000000100001b0     0xea54
                0x00000000100001b0                . = ALIGN (0x4)
 *(SORT_BY_ALIGNMENT(.openocd_debug))
 *(SORT_BY_ALIGNMENT(.openocd_debug.*))
                0x00000000100001b0                __text_region_start = .
 *(SORT_BY_ALIGNMENT(.text))
 .text          0x00000000100001b0       0x4c /home/suzinee_u/workspace/rpi-zephyr/zephyr-sdk-0.17.0/riscv64-zephyr-elf/bin/../lib/gcc/riscv64-zephyr-elf/12.2.0/libgcc.a(_clzsi2.o)
                0x00000000100001b0                __clzsi2
 .text          0x00000000100001fc       0x50 /home/suzinee_u/workspace/rpi-zephyr/zephyr-sdk-0.17.0/riscv64-zephyr-elf/bin/../lib/gcc/riscv64-zephyr-elf/12.2.0/libgcc.a(_ctzsi2.o)
                0x00000000100001fc                __ctzsi2
 .text          0x000000001000024c      0x478 /home/suzinee_u/workspace/rpi-zephyr/zephyr-sdk-0.17.0/riscv64-zephyr-elf/bin/../lib/gcc/riscv64-zephyr-elf/12.2.0/libgcc.a(_divdi3.o)
                0x000000001000024c                __divdi3
 .text          0x00000000100006c4      0x430 /home/suzinee_u/workspace/rpi-zephyr/zephyr-sdk-0.17.0/riscv64-zephyr-elf/bin/../lib/gcc/riscv64-zephyr-elf/12.2.0/libgcc.a(_udivdi3.o)
                0x00000000100006c4                __udivdi3
 *(SORT_BY_ALIGNMENT(.text.*))
 .text.__initialize
                0x0000000010000af4       0x2a zephyr/arch/arch/riscv/core/libarch__riscv__core.a(reset.S.obj)
                0x0000000010000af4                __initialize
 *fill*         0x0000000010000b1e        0x2 
 .text.z_riscv_switch
                0x0000000010000b20       0x72 zephyr/arch/arch/riscv/core/libarch__riscv__core.a(switch.S.obj)
                0x0000000010000b20                z_riscv_switch
 *fill*         0x0000000010000b92        0x2 
 .text.strlen   0x0000000010000b94       0x1c /home/suzinee_u/workspace/rpi-zephyr/zephyr-sdk-0.17.0/riscv64-zephyr-elf/bin/../lib/gcc/../../picolibc/riscv64-zephyr-elf/lib/./libc.a(strlen.c.o)
                0x0000000010000b94                strlen
 .text.memcmp   0x0000000010000bb0       0x30 /home/suzinee_u/workspace/rpi-zephyr/zephyr-sdk-0.17.0/riscv64-zephyr-elf/bin/../lib/gcc/../../picolibc/riscv64-zephyr-elf/lib/./libc.a(libc_string_memcmp.c.o)
                0x0000000010000bb0                memcmp
 .text.strnlen  0x0000000010000be0       0x24 /home/suzinee_u/workspace/rpi-zephyr/zephyr-sdk-0.17.0/riscv64-zephyr-elf/bin/../lib/gcc/../../picolibc/riscv64-zephyr-elf/lib/./libc.a(libc_string_strnlen.c.o)
                0x0000000010000be0                strnlen
 .text.snprintf
                0x0000000010000c04       0xb8 /home/suzinee_u/workspace/rpi-zephyr/zephyr-sdk-0.17.0/riscv64-zephyr-elf/bin/../lib/gcc/../../picolibc/riscv64-zephyr-elf/lib/./libc.a(libc_tinystdio_snprintf.c.o)
                0x0000000010000c04                snprintf
 .text.__ultoa_invert
                0x0000000010000cbc      0x160 /home/suzinee_u/workspace/rpi-zephyr/zephyr-sdk-0.17.0/riscv64-zephyr-elf/bin/../lib/gcc/../../picolibc/riscv64-zephyr-elf/lib/./libc.a(libc_tinystdio_vflprintf.c.o)
 .text.__l_vfprintf
                0x0000000010000e1c      0x6f0 /home/suzinee_u/workspace/rpi-zephyr/zephyr-sdk-0.17.0/riscv64-zephyr-elf/bin/../lib/gcc/../../picolibc/riscv64-zephyr-elf/lib/./libc.a(libc_tinystdio_vflprintf.c.o)
                0x0000000010000e1c                __l_vfprintf
 .text.__file_str_put
                0x000000001000150c       0x1c /home/suzinee_u/workspace/rpi-zephyr/zephyr-sdk-0.17.0/riscv64-zephyr-elf/bin/../lib/gcc/../../picolibc/riscv64-zephyr-elf/lib/./libc.a(libc_tinystdio_filestrput.c.o)
                0x000000001000150c                __file_str_put
 .text._OffsetAbsSyms
                0x0000000010001528        0x2 zephyr/CMakeFiles/offsets.dir/./arch/riscv/core/offsets/offsets.c.obj
                0x0000000010001528                _OffsetAbsSyms
 .text.eth_w6300_init
                0x000000001000152a      0x116 app/libapp.a(eth_w6300.c.obj)
 .text.main     0x0000000010001640       0x30 app/libapp.a(main.c.obj)
                0x0000000010001640                main
 .text.chunk_field
                0x0000000010001670       0x1e zephyr/libzephyr.a(heap.c.obj)
 .text.chunk_set
                0x000000001000168e       0x1e zephyr/libzephyr.a(heap.c.obj)
 .text.chunk_size
                0x00000000100016ac       0x10 zephyr/libzephyr.a(heap.c.obj)
 .text.set_chunk_used
                0x00000000100016bc       0x30 zephyr/libzephyr.a(heap.c.obj)
 .text.set_chunk_size
                0x00000000100016ec        0x8 zephyr/libzephyr.a(heap.c.obj)
 .text.mem_to_chunkid
                0x00000000100016f4       0x18 zephyr/libzephyr.a(heap.c.obj)
 .text.bucket_idx
                0x000000001000170c       0x2c zephyr/libzephyr.a(heap.c.obj)
 .text.free_list_remove_bidx
                0x0000000010001738       0x76 zephyr/libzephyr.a(heap.c.obj)
 .text.free_list_remove
                0x00000000100017ae       0x44 zephyr/libzephyr.a(heap.c.obj)
 .text.alloc_chunk
                0x00000000100017f2       0x8c zephyr/libzephyr.a(heap.c.obj)
 .text.split_chunks
                0x000000001000187e       0x58 zephyr/libzephyr.a(heap.c.obj)
 .text.merge_chunks
                0x00000000100018d6       0x44 zephyr/libzephyr.a(heap.c.obj)
 .text.free_list_add
                0x000000001000191a       0x9c zephyr/libzephyr.a(heap.c.obj)
 .text.free_chunk
                0x00000000100019b6       0x7c zephyr/libzephyr.a(heap.c.obj)
 .text.sys_heap_free
                0x0000000010001a32       0x26 zephyr/libzephyr.a(heap.c.obj)
                0x0000000010001a32                sys_heap_free
 .text.sys_heap_alloc
                0x0000000010001a58       0x86 zephyr/libzephyr.a(heap.c.obj)
                0x0000000010001a58                sys_heap_alloc
 .text.sys_heap_noalign_alloc
                0x0000000010001ade        0x4 zephyr/libzephyr.a(heap.c.obj)
                0x0000000010001ade                sys_heap_noalign_alloc
 .text.sys_heap_init
                0x0000000010001ae2       0xb8 zephyr/libzephyr.a(heap.c.obj)
                0x0000000010001ae2                sys_heap_init
 .text.cbvprintf_package
                0x0000000010001b9a      0x412 zephyr/libzephyr.a(cbprintf_packaged.c.obj)
                0x0000000010001b9a                cbvprintf_package
 .text.is_ptr   0x0000000010001fac       0x5e zephyr/libzephyr.a(cbprintf_packaged.c.obj)
                0x0000000010001fac                is_ptr
 .text.cbprintf_package_convert
                0x000000001000200a      0x470 zephyr/libzephyr.a(cbprintf_packaged.c.obj)
                0x000000001000200a                cbprintf_package_convert
 .text.printk   0x000000001000247a       0x20 zephyr/libzephyr.a(printk.c.obj)
                0x000000001000247a                printk
 .text.z_thread_entry
                0x000000001000249a       0x2a zephyr/libzephyr.a(thread_entry.c.obj)
                0x000000001000249a                z_thread_entry
 .text.free_space
                0x00000000100024c4       0x26 zephyr/libzephyr.a(mpsc_pbuf.c.obj)
 .text.get_usage
                0x00000000100024ea       0x28 zephyr/libzephyr.a(mpsc_pbuf.c.obj)
 .text.idx_inc  0x0000000010002512       0x1c zephyr/libzephyr.a(mpsc_pbuf.c.obj)
 .text.rd_idx_inc
                0x000000001000252e       0x1e zephyr/libzephyr.a(mpsc_pbuf.c.obj)
 .text.add_skip_item
                0x000000001000254c       0x44 zephyr/libzephyr.a(mpsc_pbuf.c.obj)
 .text.drop_item_locked
                0x0000000010002590       0xfe zephyr/libzephyr.a(mpsc_pbuf.c.obj)
 .text.post_drop_action
                0x000000001000268e       0x48 zephyr/libzephyr.a(mpsc_pbuf.c.obj)
 .text.max_utilization_update
                0x00000000100026d6       0x2a zephyr/libzephyr.a(mpsc_pbuf.c.obj)
 .text.mpsc_pbuf_init
                0x0000000010002700       0x4e zephyr/libzephyr.a(mpsc_pbuf.c.obj)
                0x0000000010002700                mpsc_pbuf_init
 .text.mpsc_pbuf_alloc
                0x000000001000274e      0x100 zephyr/libzephyr.a(mpsc_pbuf.c.obj)
                0x000000001000274e                mpsc_pbuf_alloc
 .text.mpsc_pbuf_commit
                0x000000001000284e       0x42 zephyr/libzephyr.a(mpsc_pbuf.c.obj)
                0x000000001000284e                mpsc_pbuf_commit
 .text.mpsc_pbuf_claim
                0x0000000010002890       0xb6 zephyr/libzephyr.a(mpsc_pbuf.c.obj)
                0x0000000010002890                mpsc_pbuf_claim
 .text.mpsc_pbuf_free
                0x0000000010002946       0x7c zephyr/libzephyr.a(mpsc_pbuf.c.obj)
                0x0000000010002946                mpsc_pbuf_free
 .text.mpsc_pbuf_is_pending
                0x00000000100029c2       0x26 zephyr/libzephyr.a(mpsc_pbuf.c.obj)
                0x00000000100029c2                mpsc_pbuf_is_pending
 .text._ConfigAbsSyms
                0x00000000100029e8        0x2 zephyr/libzephyr.a(configs.c.obj)
                0x00000000100029e8                _ConfigAbsSyms
 .text.log_msg_generic_get_wlen
                0x00000000100029ea       0x22 zephyr/libzephyr.a(log_core.c.obj)
 .text.dummy_timestamp
                0x0000000010002a0c        0x4 zephyr/libzephyr.a(log_core.c.obj)
 .text.activate_foreach_backend
                0x0000000010002a10       0x74 zephyr/libzephyr.a(log_core.c.obj)
 .text.atomic_inc
                0x0000000010002a84        0xe zephyr/libzephyr.a(log_core.c.obj)
 .text.enable_logger
                0x0000000010002a92       0x66 zephyr/libzephyr.a(log_core.c.obj)
 .text.default_lf_get_timestamp
                0x0000000010002af8       0x16 zephyr/libzephyr.a(log_core.c.obj)
 .text.log_process_thread_timer_expiry_fn
                0x0000000010002b0e        0xc zephyr/libzephyr.a(log_core.c.obj)
 .text.z_log_init
                0x0000000010002b1a       0xaa zephyr/libzephyr.a(log_core.c.obj)
 .text.z_log_vprintk
                0x0000000010002bc4       0x12 zephyr/libzephyr.a(log_core.c.obj)
                0x0000000010002bc4                z_log_vprintk
 .text.z_log_notify_backend_enabled
                0x0000000010002bd6       0x2a zephyr/libzephyr.a(log_core.c.obj)
                0x0000000010002bd6                z_log_notify_backend_enabled
 .text.z_log_dropped
                0x0000000010002c00       0x44 zephyr/libzephyr.a(log_core.c.obj)
                0x0000000010002c00                z_log_dropped
 .text.z_log_notify_drop
                0x0000000010002c44        0x4 zephyr/libzephyr.a(log_core.c.obj)
 .text.z_log_dropped_read_and_clear
                0x0000000010002c48       0x14 zephyr/libzephyr.a(log_core.c.obj)
                0x0000000010002c48                z_log_dropped_read_and_clear
 .text.dropped_notify
                0x0000000010002c5c       0x46 zephyr/libzephyr.a(log_core.c.obj)
                0x0000000010002c5c                dropped_notify
 .text.z_log_msg_init
                0x0000000010002ca2       0x2e zephyr/libzephyr.a(log_core.c.obj)
                0x0000000010002ca2                z_log_msg_init
 .text.log_core_init
                0x0000000010002cd0       0x5e zephyr/libzephyr.a(log_core.c.obj)
                0x0000000010002cd0                log_core_init
 .text.z_log_msg_alloc
                0x0000000010002d2e       0x12 zephyr/libzephyr.a(log_core.c.obj)
                0x0000000010002d2e                z_log_msg_alloc
 .text.z_log_msg_local_claim
                0x0000000010002d40        0xa zephyr/libzephyr.a(log_core.c.obj)
                0x0000000010002d40                z_log_msg_local_claim
 .text.z_log_msg_free
                0x0000000010002d4a        0xc zephyr/libzephyr.a(log_core.c.obj)
                0x0000000010002d4a                z_log_msg_free
 .text.z_log_msg_pending
                0x0000000010002d56        0xa zephyr/libzephyr.a(log_core.c.obj)
                0x0000000010002d56                z_log_msg_pending
 .text.z_impl_log_process
                0x0000000010002d60       0xc2 zephyr/libzephyr.a(log_core.c.obj)
                0x0000000010002d60                z_impl_log_process
 .text.z_impl_log_panic
                0x0000000010002e22       0x58 zephyr/libzephyr.a(log_core.c.obj)
                0x0000000010002e22                z_impl_log_panic
 .text.log_process_thread_func
                0x0000000010002e7a       0xaa zephyr/libzephyr.a(log_core.c.obj)
 .text.z_log_msg_post_finalize
                0x0000000010002f24       0x7e zephyr/libzephyr.a(log_core.c.obj)
 .text.z_log_msg_commit
                0x0000000010002fa2       0x26 zephyr/libzephyr.a(log_core.c.obj)
                0x0000000010002fa2                z_log_msg_commit
 .text.log_backend_enable
                0x0000000010002fc8       0x14 zephyr/libzephyr.a(log_mgmt.c.obj)
                0x0000000010002fc8                log_backend_enable
 .text.z_cbprintf_cpy
                0x0000000010002fdc       0x3e zephyr/libzephyr.a(log_msg.c.obj)
 .text.z_log_msg_finalize
                0x000000001000301a       0x3e zephyr/libzephyr.a(log_msg.c.obj)
                0x000000001000301a                z_log_msg_finalize
 .text.z_log_msg_simple_create
                0x0000000010003058       0x7c zephyr/libzephyr.a(log_msg.c.obj)
 .text.z_impl_z_log_msg_simple_create_0
                0x00000000100030d4       0x12 zephyr/libzephyr.a(log_msg.c.obj)
                0x00000000100030d4                z_impl_z_log_msg_simple_create_0
 .text.z_impl_z_log_msg_simple_create_1
                0x00000000100030e6       0x14 zephyr/libzephyr.a(log_msg.c.obj)
                0x00000000100030e6                z_impl_z_log_msg_simple_create_1
 .text.z_impl_z_log_msg_simple_create_2
                0x00000000100030fa       0x16 zephyr/libzephyr.a(log_msg.c.obj)
                0x00000000100030fa                z_impl_z_log_msg_simple_create_2
 .text.z_impl_z_log_msg_static_create
                0x0000000010003110      0x152 zephyr/libzephyr.a(log_msg.c.obj)
                0x0000000010003110                z_impl_z_log_msg_static_create
 .text.z_log_msg_runtime_vcreate
                0x0000000010003262       0xcc zephyr/libzephyr.a(log_msg.c.obj)
                0x0000000010003262                z_log_msg_runtime_vcreate
 .text.sys_trace_idle
                0x000000001000332e        0x2 zephyr/libzephyr.a(tracing_none.c.obj)
                0x000000001000332e                sys_trace_idle
 .text.sys_trace_idle_exit
                0x0000000010003330        0x2 zephyr/libzephyr.a(tracing_none.c.obj)
                0x0000000010003330                sys_trace_idle_exit
 .text.arch_early_memset
                0x0000000010003332        0x4 zephyr/arch/common/libarch__common.a(init.c.obj)
                0x0000000010003332                arch_early_memset
 .text.arch_early_memcpy
                0x0000000010003336        0x4 zephyr/arch/common/libarch__common.a(init.c.obj)
                0x0000000010003336                arch_early_memcpy
 .text.arch_bss_zero
                0x000000001000333a       0x1c zephyr/arch/common/libarch__common.a(init.c.obj)
                0x000000001000333a                arch_bss_zero
 .text.arch_data_copy
                0x0000000010003356       0x22 zephyr/arch/common/libarch__common.a(xip.c.obj)
                0x0000000010003356                arch_data_copy
 .text.arch_cpu_idle
                0x0000000010003378       0x18 zephyr/arch/arch/riscv/core/libarch__riscv__core.a(cpu_idle.c.obj)
                0x0000000010003378                arch_cpu_idle
 .text.z_log_msg_simple_create_2.constprop.0
                0x0000000010003390        0xa zephyr/arch/arch/riscv/core/libarch__riscv__core.a(fatal.c.obj)
 .text.z_riscv_get_sp_before_exc
                0x000000001000339a        0x6 zephyr/arch/arch/riscv/core/libarch__riscv__core.a(fatal.c.obj)
                0x000000001000339a                z_riscv_get_sp_before_exc
 .text.z_riscv_fatal_error
                0x00000000100033a0      0x238 zephyr/arch/arch/riscv/core/libarch__riscv__core.a(fatal.c.obj)
                0x00000000100033a0                z_riscv_fatal_error
 .text.z_riscv_fault
                0x00000000100035d8        0xa zephyr/arch/arch/riscv/core/libarch__riscv__core.a(fatal.c.obj)
                0x00000000100035d8                z_riscv_fault
 .text.z_irq_spurious
                0x00000000100035e2       0x28 zephyr/arch/arch/riscv/core/libarch__riscv__core.a(irq_manage.c.obj)
                0x00000000100035e2                z_irq_spurious
 .text.z_prep_c
                0x000000001000360a        0xc zephyr/arch/arch/riscv/core/libarch__riscv__core.a(prep_c.c.obj)
                0x000000001000360a                z_prep_c
 .text.arch_new_thread
                0x0000000010003616       0x34 zephyr/arch/arch/riscv/core/libarch__riscv__core.a(thread.c.obj)
                0x0000000010003616                arch_new_thread
 .text.arch_coprocessors_disable
                0x000000001000364a        0x6 zephyr/arch/arch/riscv/core/libarch__riscv__core.a(thread.c.obj)
                0x000000001000364a                arch_coprocessors_disable
 .text.arch_tls_stack_setup
                0x0000000010003650       0x54 zephyr/arch/arch/riscv/core/libarch__riscv__core.a(tls.c.obj)
                0x0000000010003650                arch_tls_stack_setup
 .text.in_stack_bound
                0x00000000100036a4       0x36 zephyr/arch/arch/riscv/core/libarch__riscv__core.a(stacktrace.c.obj)
 .text.walk_stackframe
                0x00000000100036da       0xc6 zephyr/arch/arch/riscv/core/libarch__riscv__core.a(stacktrace.c.obj)
 .text.in_fatal_stack_bound
                0x00000000100037a0       0x34 zephyr/arch/arch/riscv/core/libarch__riscv__core.a(stacktrace.c.obj)
 .text.print_trace_address
                0x00000000100037d4       0x4e zephyr/arch/arch/riscv/core/libarch__riscv__core.a(stacktrace.c.obj)
 .text.z_riscv_unwind_stack
                0x0000000010003822       0x5e zephyr/arch/arch/riscv/core/libarch__riscv__core.a(stacktrace.c.obj)
                0x0000000010003822                z_riscv_unwind_stack
 .text.malloc_prepare
                0x0000000010003880       0x28 zephyr/lib/libc/common/liblib__libc__common.a(malloc.c.obj)
 .text.fixed_data_unref
                0x00000000100038a8        0x2 zephyr/lib/net_buf/liblib__net_buf.a(buf.c.obj)
 .text.net_buf_destroy
                0x00000000100038aa       0x54 zephyr/lib/net_buf/liblib__net_buf.a(buf.c.obj)
 .text.net_buf_id
                0x00000000100038fe       0x28 zephyr/lib/net_buf/liblib__net_buf.a(buf.c.obj)
                0x00000000100038fe                net_buf_id
 .text.fixed_data_alloc
                0x0000000010003926       0x3a zephyr/lib/net_buf/liblib__net_buf.a(buf.c.obj)
 .text.net_buf_alloc_len
                0x0000000010003960      0x12a zephyr/lib/net_buf/liblib__net_buf.a(buf.c.obj)
                0x0000000010003960                net_buf_alloc_len
 .text.net_buf_alloc_fixed
                0x0000000010003a8a        0xa zephyr/lib/net_buf/liblib__net_buf.a(buf.c.obj)
                0x0000000010003a8a                net_buf_alloc_fixed
 .text.net_buf_unref
                0x0000000010003a94       0x5a zephyr/lib/net_buf/liblib__net_buf.a(buf.c.obj)
                0x0000000010003a94                net_buf_unref
 .text.net_buf_frag_last
                0x0000000010003aee        0xa zephyr/lib/net_buf/liblib__net_buf.a(buf.c.obj)
                0x0000000010003aee                net_buf_frag_last
 .text.net_buf_frag_insert
                0x0000000010003af8       0x12 zephyr/lib/net_buf/liblib__net_buf.a(buf.c.obj)
                0x0000000010003af8                net_buf_frag_insert
 .text.net_buf_simple_reserve
                0x0000000010003b0a        0x8 zephyr/lib/net_buf/liblib__net_buf.a(buf_simple.c.obj)
                0x0000000010003b0a                net_buf_simple_reserve
 .text.net_buf_simple_add
                0x0000000010003b12       0x12 zephyr/lib/net_buf/liblib__net_buf.a(buf_simple.c.obj)
                0x0000000010003b12                net_buf_simple_add
 .text.net_buf_simple_pull
                0x0000000010003b24       0x14 zephyr/lib/net_buf/liblib__net_buf.a(buf_simple.c.obj)
                0x0000000010003b24                net_buf_simple_pull
 .text.net_buf_simple_pull_mem
                0x0000000010003b38       0x14 zephyr/lib/net_buf/liblib__net_buf.a(buf_simple.c.obj)
                0x0000000010003b38                net_buf_simple_pull_mem
 .text.net_buf_simple_max_len
                0x0000000010003b4c       0x12 zephyr/lib/net_buf/liblib__net_buf.a(buf_simple.c.obj)
                0x0000000010003b4c                net_buf_simple_max_len
 .text.soc_reset_hook
                0x0000000010003b5e       0x12 zephyr/soc/soc/rp2350a/rp2350/libsoc__raspberrypi__rpi_pico__rp2350.a(soc.c.obj)
                0x0000000010003b5e                soc_reset_hook
 .text.net_if_l2_data
                0x0000000010003b70        0xa zephyr/subsys/net/l2/ethernet/libsubsys__net__l2__ethernet.a(ethernet.c.obj)
 .text.net_if_get_device
                0x0000000010003b7a        0xa zephyr/subsys/net/l2/ethernet/libsubsys__net__l2__ethernet.a(ethernet.c.obj)
 .text.ethernet_enable
                0x0000000010003b84       0x2e zephyr/subsys/net/l2/ethernet/libsubsys__net__l2__ethernet.a(ethernet.c.obj)
 .text.ethernet_flags
                0x0000000010003bb2       0x10 zephyr/subsys/net/l2/ethernet/libsubsys__net__l2__ethernet.a(ethernet.c.obj)
                0x0000000010003bb2                ethernet_flags
 .text.net_eth_is_addr_broadcast
                0x0000000010003bc2       0x42 zephyr/subsys/net/l2/ethernet/libsubsys__net__l2__ethernet.a(ethernet.c.obj)
 .text.ethernet_ip_recv
                0x0000000010003c04       0x66 zephyr/subsys/net/l2/ethernet/libsubsys__net__l2__ethernet.a(ethernet.c.obj)
 .text.ethernet_send
                0x0000000010003c6a      0x12a zephyr/subsys/net/l2/ethernet/libsubsys__net__l2__ethernet.a(ethernet.c.obj)
 .text.ethernet_recv
                0x0000000010003d94      0x19a zephyr/subsys/net/l2/ethernet/libsubsys__net__l2__ethernet.a(ethernet.c.obj)
 .text.net_ipv6_is_addr_loopback_raw
                0x0000000010003f2e       0xa8 zephyr/subsys/net/ip/libsubsys__net__ip.a(net_core.c.obj)
 .text.net_if_flag_is_set
                0x0000000010003fd6       0x1c zephyr/subsys/net/ip/libsubsys__net__ip.a(net_core.c.obj)
 .text.processing_data
                0x0000000010003ff2       0x72 zephyr/subsys/net/ip/libsubsys__net__ip.a(net_core.c.obj)
 .text.net_init
                0x0000000010004064       0x30 zephyr/subsys/net/ip/libsubsys__net__ip.a(net_core.c.obj)
 .text.net_process_rx_packet
                0x0000000010004094        0xa zephyr/subsys/net/ip/libsubsys__net__ip.a(net_core.c.obj)
                0x0000000010004094                net_process_rx_packet
 .text.net_recv_data
                0x000000001000409e       0x92 zephyr/subsys/net/ip/libsubsys__net__ip.a(net_core.c.obj)
                0x000000001000409e                net_recv_data
 .text.net_try_send_data
                0x0000000010004130      0x1e8 zephyr/subsys/net/ip/libsubsys__net__ip.a(net_core.c.obj)
                0x0000000010004130                net_try_send_data
 .text.sys_slist_append
                0x0000000010004318       0x14 zephyr/subsys/net/ip/libsubsys__net__ip.a(net_if.c.obj)
 .text.sys_slist_find_and_remove
                0x000000001000432c       0x36 zephyr/subsys/net/ip/libsubsys__net__ip.a(net_if.c.obj)
 .text.net_ipv6_is_addr_loopback_raw
                0x0000000010004362       0xa8 zephyr/subsys/net/ip/libsubsys__net__ip.a(net_if.c.obj)
 .text.net_if_l2
                0x000000001000440a        0xa zephyr/subsys/net/ip/libsubsys__net__ip.a(net_if.c.obj)
 .text.net_if_get_device
                0x0000000010004414        0xa zephyr/subsys/net/ip/libsubsys__net__ip.a(net_if.c.obj)
 .text.net_context_send_cb
                0x000000001000441e        0xc zephyr/subsys/net/ip/libsubsys__net__ip.a(net_if.c.obj)
 .text.l2_flags_get
                0x000000001000442a       0x24 zephyr/subsys/net/ip/libsubsys__net__ip.a(net_if.c.obj)
 .text.net_if_flag_is_set
                0x000000001000444e       0x1c zephyr/subsys/net/ip/libsubsys__net__ip.a(net_if.c.obj)
 .text.net_ipv6_is_prefix
                0x000000001000446a       0x74 zephyr/subsys/net/ip/libsubsys__net__ip.a(net_if.c.obj)
 .text.net_ipv6_addr_cmp
                0x00000000100044de       0x14 zephyr/subsys/net/ip/libsubsys__net__ip.a(net_if.c.obj)
 .text.net_if_flag_set
                0x00000000100044f2       0x16 zephyr/subsys/net/ip/libsubsys__net__ip.a(net_if.c.obj)
 .text.net_if_flag_clear
                0x0000000010004508       0x1a zephyr/subsys/net/ip/libsubsys__net__ip.a(net_if.c.obj)
 .text.need_calc_checksum
                0x0000000010004522       0x6a zephyr/subsys/net/ip/libsubsys__net__ip.a(net_if.c.obj)
 .text.join_mcast_allnodes
                0x000000001000458c       0x26 zephyr/subsys/net/ip/libsubsys__net__ip.a(net_if.c.obj)
 .text.k_mutex_lock.constprop.0.isra.0
                0x00000000100045b2        0x4 zephyr/subsys/net/ip/libsubsys__net__ip.a(net_if.c.obj)
 .text.net_if_lock
                0x00000000100045b6        0x8 zephyr/subsys/net/ip/libsubsys__net__ip.a(net_if.c.obj)
 .text.k_mutex_unlock.isra.0
                0x00000000100045be        0x4 zephyr/subsys/net/ip/libsubsys__net__ip.a(net_if.c.obj)
 .text.iface_router_update_timer
                0x00000000100045c2       0x8c zephyr/subsys/net/ip/libsubsys__net__ip.a(net_if.c.obj)
 .text.net_if_ipv6_get_best_match
                0x000000001000464e      0x1de zephyr/subsys/net/ip/libsubsys__net__ip.a(net_if.c.obj)
 .text.atomic_inc.isra.0
                0x000000001000482c        0xc zephyr/subsys/net/ip/libsubsys__net__ip.a(net_if.c.obj)
 .text.k_uptime_get_32
                0x0000000010004838       0x16 zephyr/subsys/net/ip/libsubsys__net__ip.a(net_if.c.obj)
 .text.join_mcast_nodes
                0x000000001000484e       0x6e zephyr/subsys/net/ip/libsubsys__net__ip.a(net_if.c.obj)
 .text.get_ifaddr
                0x00000000100048bc      0x102 zephyr/subsys/net/ip/libsubsys__net__ip.a(net_if.c.obj)
 .text.iface_router_expired
                0x00000000100049be       0x9a zephyr/subsys/net/ip/libsubsys__net__ip.a(net_if.c.obj)
 .text.z_impl_net_if_get_by_index
                0x0000000010004a58       0x22 zephyr/subsys/net/ip/libsubsys__net__ip.a(net_if.c.obj)
                0x0000000010004a58                z_impl_net_if_get_by_index
 .text.dad_timeout
                0x0000000010004a7a       0xd0 zephyr/subsys/net/ip/libsubsys__net__ip.a(net_if.c.obj)
 .text.net_if_get_default
                0x0000000010004b4a       0x26 zephyr/subsys/net/ip/libsubsys__net__ip.a(net_if.c.obj)
                0x0000000010004b4a                net_if_get_default
 .text.net_if_mcast_monitor
                0x0000000010004b70       0x66 zephyr/subsys/net/ip/libsubsys__net__ip.a(net_if.c.obj)
                0x0000000010004b70                net_if_mcast_monitor
 .text.net_if_config_ipv6_get
                0x0000000010004bd6       0x80 zephyr/subsys/net/ip/libsubsys__net__ip.a(net_if.c.obj)
                0x0000000010004bd6                net_if_config_ipv6_get
 .text.net_if_start_rs
                0x0000000010004c56       0xac zephyr/subsys/net/ip/libsubsys__net__ip.a(net_if.c.obj)
                0x0000000010004c56                net_if_start_rs
 .text.rs_timeout
                0x0000000010004d02      0x116 zephyr/subsys/net/ip/libsubsys__net__ip.a(net_if.c.obj)
 .text.net_if_stop_rs
                0x0000000010004e18       0x52 zephyr/subsys/net/ip/libsubsys__net__ip.a(net_if.c.obj)
                0x0000000010004e18                net_if_stop_rs
 .text.net_if_ipv6_addr_lookup_raw
                0x0000000010004e6a       0xb8 zephyr/subsys/net/ip/libsubsys__net__ip.a(net_if.c.obj)
                0x0000000010004e6a                net_if_ipv6_addr_lookup_raw
 .text.net_if_ipv6_addr_lookup
                0x0000000010004f22        0x4 zephyr/subsys/net/ip/libsubsys__net__ip.a(net_if.c.obj)
                0x0000000010004f22                net_if_ipv6_addr_lookup
 .text.net_if_ipv6_addr_lookup_by_iface_raw
                0x0000000010004f26       0x7c zephyr/subsys/net/ip/libsubsys__net__ip.a(net_if.c.obj)
                0x0000000010004f26                net_if_ipv6_addr_lookup_by_iface_raw
 .text.net_if_ipv6_addr_lookup_by_iface
                0x0000000010004fa2        0x4 zephyr/subsys/net/ip/libsubsys__net__ip.a(net_if.c.obj)
                0x0000000010004fa2                net_if_ipv6_addr_lookup_by_iface
 .text.net_if_ipv6_addr_update_lifetime
                0x0000000010004fa6       0x72 zephyr/subsys/net/ip/libsubsys__net__ip.a(net_if.c.obj)
                0x0000000010004fa6                net_if_ipv6_addr_update_lifetime
 .text.net_if_ipv6_maddr_rm
                0x0000000010005018       0x7e zephyr/subsys/net/ip/libsubsys__net__ip.a(net_if.c.obj)
                0x0000000010005018                net_if_ipv6_maddr_rm
 .text.net_if_ipv6_maddr_lookup_raw
                0x0000000010005096       0xdc zephyr/subsys/net/ip/libsubsys__net__ip.a(net_if.c.obj)
                0x0000000010005096                net_if_ipv6_maddr_lookup_raw
 .text.net_if_ipv6_maddr_add
                0x0000000010005172       0xa4 zephyr/subsys/net/ip/libsubsys__net__ip.a(net_if.c.obj)
                0x0000000010005172                net_if_ipv6_maddr_add
 .text.net_if_ipv6_maddr_lookup
                0x0000000010005216        0x4 zephyr/subsys/net/ip/libsubsys__net__ip.a(net_if.c.obj)
                0x0000000010005216                net_if_ipv6_maddr_lookup
 .text.net_if_ipv6_maddr_leave
                0x000000001000521a       0x3a zephyr/subsys/net/ip/libsubsys__net__ip.a(net_if.c.obj)
                0x000000001000521a                net_if_ipv6_maddr_leave
 .text.net_if_ipv6_maddr_join
                0x0000000010005254       0x3c zephyr/subsys/net/ip/libsubsys__net__ip.a(net_if.c.obj)
                0x0000000010005254                net_if_ipv6_maddr_join
 .text.net_if_ipv6_get_ll
                0x0000000010005290       0xda zephyr/subsys/net/ip/libsubsys__net__ip.a(net_if.c.obj)
                0x0000000010005290                net_if_ipv6_get_ll
 .text.net_if_ipv6_prefix_add
                0x000000001000536a      0x106 zephyr/subsys/net/ip/libsubsys__net__ip.a(net_if.c.obj)
                0x000000001000536a                net_if_ipv6_prefix_add
 .text.net_if_ipv6_prefix_get
                0x0000000010005470       0x90 zephyr/subsys/net/ip/libsubsys__net__ip.a(net_if.c.obj)
                0x0000000010005470                net_if_ipv6_prefix_get
 .text.net_if_ipv6_prefix_lookup
                0x0000000010005500       0x78 zephyr/subsys/net/ip/libsubsys__net__ip.a(net_if.c.obj)
                0x0000000010005500                net_if_ipv6_prefix_lookup
 .text.net_if_ipv6_addr_onlink
                0x0000000010005578       0xb2 zephyr/subsys/net/ip/libsubsys__net__ip.a(net_if.c.obj)
                0x0000000010005578                net_if_ipv6_addr_onlink
 .text.net_if_ipv6_prefix_set_timer
                0x000000001000562a       0x72 zephyr/subsys/net/ip/libsubsys__net__ip.a(net_if.c.obj)
                0x000000001000562a                net_if_ipv6_prefix_set_timer
 .text.net_if_ipv6_prefix_unset_timer
                0x000000001000569c       0x4c zephyr/subsys/net/ip/libsubsys__net__ip.a(net_if.c.obj)
                0x000000001000569c                net_if_ipv6_prefix_unset_timer
 .text.net_if_ipv6_router_lookup
                0x00000000100056e8       0x70 zephyr/subsys/net/ip/libsubsys__net__ip.a(net_if.c.obj)
                0x00000000100056e8                net_if_ipv6_router_lookup
 .text.net_if_ipv6_router_find_default
                0x0000000010005758       0x62 zephyr/subsys/net/ip/libsubsys__net__ip.a(net_if.c.obj)
                0x0000000010005758                net_if_ipv6_router_find_default
 .text.net_if_ipv6_router_update_lifetime
                0x00000000100057ba       0x22 zephyr/subsys/net/ip/libsubsys__net__ip.a(net_if.c.obj)
                0x00000000100057ba                net_if_ipv6_router_update_lifetime
 .text.net_if_ipv6_router_add
                0x00000000100057dc       0xb6 zephyr/subsys/net/ip/libsubsys__net__ip.a(net_if.c.obj)
                0x00000000100057dc                net_if_ipv6_router_add
 .text.net_if_ipv6_router_rm
                0x0000000010005892       0x5e zephyr/subsys/net/ip/libsubsys__net__ip.a(net_if.c.obj)
                0x0000000010005892                net_if_ipv6_router_rm
 .text.net_if_ipv6_get_mcast_hop_limit
                0x00000000100058f0       0x3a zephyr/subsys/net/ip/libsubsys__net__ip.a(net_if.c.obj)
                0x00000000100058f0                net_if_ipv6_get_mcast_hop_limit
 .text.net_if_ipv6_get_hop_limit
                0x000000001000592a       0x3a zephyr/subsys/net/ip/libsubsys__net__ip.a(net_if.c.obj)
                0x000000001000592a                net_if_ipv6_get_hop_limit
 .text.net_if_ipv6_set_hop_limit
                0x0000000010005964       0x34 zephyr/subsys/net/ip/libsubsys__net__ip.a(net_if.c.obj)
                0x0000000010005964                net_if_ipv6_set_hop_limit
 .text.net_if_ipv6_select_src_addr_hint
                0x0000000010005998       0xfe zephyr/subsys/net/ip/libsubsys__net__ip.a(net_if.c.obj)
                0x0000000010005998                net_if_ipv6_select_src_addr_hint
 .text.net_if_ipv6_select_src_addr
                0x0000000010005a96        0x8 zephyr/subsys/net/ip/libsubsys__net__ip.a(net_if.c.obj)
                0x0000000010005a96                net_if_ipv6_select_src_addr
 .text.net_if_ipv6_calc_reachable_time
                0x0000000010005a9e       0x38 zephyr/subsys/net/ip/libsubsys__net__ip.a(net_if.c.obj)
                0x0000000010005a9e                net_if_ipv6_calc_reachable_time
 .text.net_if_addr_unref
                0x0000000010005ad6      0x158 zephyr/subsys/net/ip/libsubsys__net__ip.a(net_if.c.obj)
                0x0000000010005ad6                net_if_addr_unref
 .text.net_if_ipv6_addr_rm
                0x0000000010005c2e       0x50 zephyr/subsys/net/ip/libsubsys__net__ip.a(net_if.c.obj)
                0x0000000010005c2e                net_if_ipv6_addr_rm
 .text.net_if_ipv6_dad_failed
                0x0000000010005c7e       0x30 zephyr/subsys/net/ip/libsubsys__net__ip.a(net_if.c.obj)
                0x0000000010005c7e                net_if_ipv6_dad_failed
 .text.remove_prefix_addresses
                0x0000000010005cae       0x94 zephyr/subsys/net/ip/libsubsys__net__ip.a(net_if.c.obj)
 .text.net_if_ipv6_prefix_rm
                0x0000000010005d42       0xb2 zephyr/subsys/net/ip/libsubsys__net__ip.a(net_if.c.obj)
                0x0000000010005d42                net_if_ipv6_prefix_rm
 .text.prefix_lifetime_timeout
                0x0000000010005df4       0xe2 zephyr/subsys/net/ip/libsubsys__net__ip.a(net_if.c.obj)
 .text.address_lifetime_timeout
                0x0000000010005ed6       0xf4 zephyr/subsys/net/ip/libsubsys__net__ip.a(net_if.c.obj)
 .text.net_if_recv_data
                0x0000000010005fca       0x1c zephyr/subsys/net/ip/libsubsys__net__ip.a(net_if.c.obj)
                0x0000000010005fca                net_if_recv_data
 .text.net_if_call_link_cb
                0x0000000010005fe6       0x5e zephyr/subsys/net/ip/libsubsys__net__ip.a(net_if.c.obj)
                0x0000000010005fe6                net_if_call_link_cb
 .text.net_if_tx.isra.0
                0x0000000010006044      0x116 zephyr/subsys/net/ip/libsubsys__net__ip.a(net_if.c.obj)
 .text.net_if_try_queue_tx
                0x000000001000615a       0x22 zephyr/subsys/net/ip/libsubsys__net__ip.a(net_if.c.obj)
                0x000000001000615a                net_if_try_queue_tx
 .text.net_if_try_send_data
                0x000000001000617c       0xfa zephyr/subsys/net/ip/libsubsys__net__ip.a(net_if.c.obj)
                0x000000001000617c                net_if_try_send_data
 .text.net_if_need_calc_tx_checksum
                0x0000000010006276        0x8 zephyr/subsys/net/ip/libsubsys__net__ip.a(net_if.c.obj)
                0x0000000010006276                net_if_need_calc_tx_checksum
 .text.net_if_need_calc_rx_checksum
                0x000000001000627e        0x8 zephyr/subsys/net/ip/libsubsys__net__ip.a(net_if.c.obj)
                0x000000001000627e                net_if_need_calc_rx_checksum
 .text.net_if_get_by_iface
                0x0000000010006286       0x2a zephyr/subsys/net/ip/libsubsys__net__ip.a(net_if.c.obj)
                0x0000000010006286                net_if_get_by_iface
 .text.net_if_ipv6_start_dad
                0x00000000100062b0       0xac zephyr/subsys/net/ip/libsubsys__net__ip.a(net_if.c.obj)
                0x00000000100062b0                net_if_ipv6_start_dad
 .text.net_if_ipv6_addr_add
                0x000000001000635c      0x168 zephyr/subsys/net/ip/libsubsys__net__ip.a(net_if.c.obj)
                0x000000001000635c                net_if_ipv6_addr_add
 .text.net_if_start_dad
                0x00000000100064c4      0x156 zephyr/subsys/net/ip/libsubsys__net__ip.a(net_if.c.obj)
                0x00000000100064c4                net_if_start_dad
 .text.update_operational_state
                0x000000001000661a      0x2a0 zephyr/subsys/net/ip/libsubsys__net__ip.a(net_if.c.obj)
 .text.net_if_is_offloaded
                0x00000000100068ba        0x4 zephyr/subsys/net/ip/libsubsys__net__ip.a(net_if.c.obj)
                0x00000000100068ba                net_if_is_offloaded
 .text.net_if_up
                0x00000000100068be       0x70 zephyr/subsys/net/ip/libsubsys__net__ip.a(net_if.c.obj)
                0x00000000100068be                net_if_up
 .text.net_if_is_wifi
                0x000000001000692e       0x3c zephyr/subsys/net/ip/libsubsys__net__ip.a(net_if.c.obj)
                0x000000001000692e                net_if_is_wifi
 .text.net_if_set_name
                0x000000001000696a       0x7c zephyr/subsys/net/ip/libsubsys__net__ip.a(net_if.c.obj)
                0x000000001000696a                net_if_set_name
 .text.net_if_init
                0x00000000100069e6      0x1fc zephyr/subsys/net/ip/libsubsys__net__ip.a(net_if.c.obj)
                0x00000000100069e6                net_if_init
 .text.net_if_post_init
                0x0000000010006be2       0x3c zephyr/subsys/net/ip/libsubsys__net__ip.a(net_if.c.obj)
                0x0000000010006be2                net_if_post_init
 .text.net_timeout_set
                0x0000000010006c1e       0x5a zephyr/subsys/net/ip/libsubsys__net__ip.a(net_timeout.c.obj)
                0x0000000010006c1e                net_timeout_set
 .text.net_timeout_remaining
                0x0000000010006c78       0x56 zephyr/subsys/net/ip/libsubsys__net__ip.a(net_timeout.c.obj)
                0x0000000010006c78                net_timeout_remaining
 .text.net_timeout_evaluate
                0x0000000010006cce       0x62 zephyr/subsys/net/ip/libsubsys__net__ip.a(net_timeout.c.obj)
                0x0000000010006cce                net_timeout_evaluate
 .text.net_byte_to_hex
                0x0000000010006d30       0x46 zephyr/subsys/net/ip/libsubsys__net__ip.a(utils.c.obj)
                0x0000000010006d30                net_byte_to_hex
 .text.net_sprint_ll_addr_buf
                0x0000000010006d76       0x96 zephyr/subsys/net/ip/libsubsys__net__ip.a(utils.c.obj)
                0x0000000010006d76                net_sprint_ll_addr_buf
 .text.calc_chksum
                0x0000000010006e0c      0x13e zephyr/subsys/net/ip/libsubsys__net__ip.a(utils.c.obj)
                0x0000000010006e0c                calc_chksum
 .text.net_calc_chksum
                0x0000000010006f4a      0x13c zephyr/subsys/net/ip/libsubsys__net__ip.a(utils.c.obj)
                0x0000000010006f4a                net_calc_chksum
 .text.net_ipv6_unspecified_address
                0x0000000010007086        0xa zephyr/subsys/net/ip/libsubsys__net__ip.a(utils.c.obj)
                0x0000000010007086                net_ipv6_unspecified_address
 .text.net_context_init
                0x0000000010007090       0x10 zephyr/subsys/net/ip/libsubsys__net__ip.a(net_context.c.obj)
                0x0000000010007090                net_context_init
 .text.net_pkt_set_iface
                0x00000000100070a0       0x1e zephyr/subsys/net/ip/libsubsys__net__ip.a(net_pkt.c.obj)
 .text.clone_pkt_attributes
                0x00000000100070be      0x13a zephyr/subsys/net/ip/libsubsys__net__ip.a(net_pkt.c.obj)
 .text.pkt_cursor_jump
                0x00000000100071f8       0x3a zephyr/subsys/net/ip/libsubsys__net__ip.a(net_pkt.c.obj)
 .text.pkt_cursor_advance
                0x0000000010007232       0x3e zephyr/subsys/net/ip/libsubsys__net__ip.a(net_pkt.c.obj)
 .text.pkt_cursor_update
                0x0000000010007270       0x76 zephyr/subsys/net/ip/libsubsys__net__ip.a(net_pkt.c.obj)
 .text.pkt_alloc_buffer.constprop.0
                0x00000000100072e6       0xc2 zephyr/subsys/net/ip/libsubsys__net__ip.a(net_pkt.c.obj)
 .text.net_pkt_get_len.isra.0
                0x00000000100073a8       0x12 zephyr/subsys/net/ip/libsubsys__net__ip.a(net_pkt.c.obj)
 .text.net_pkt_cursor_operate
                0x00000000100073ba      0x142 zephyr/subsys/net/ip/libsubsys__net__ip.a(net_pkt.c.obj)
 .text.net_pkt_get_reserve_data
                0x00000000100074fc       0x4c zephyr/subsys/net/ip/libsubsys__net__ip.a(net_pkt.c.obj)
                0x00000000100074fc                net_pkt_get_reserve_data
 .text.net_pkt_get_reserve_rx_data
                0x0000000010007548       0x12 zephyr/subsys/net/ip/libsubsys__net__ip.a(net_pkt.c.obj)
                0x0000000010007548                net_pkt_get_reserve_rx_data
 .text.net_pkt_get_reserve_tx_data
                0x000000001000755a       0x12 zephyr/subsys/net/ip/libsubsys__net__ip.a(net_pkt.c.obj)
                0x000000001000755a                net_pkt_get_reserve_tx_data
 .text.net_pkt_get_frag
                0x000000001000756c       0x1e zephyr/subsys/net/ip/libsubsys__net__ip.a(net_pkt.c.obj)
                0x000000001000756c                net_pkt_get_frag
 .text.net_pkt_ref
                0x000000001000758a       0x32 zephyr/subsys/net/ip/libsubsys__net__ip.a(net_pkt.c.obj)
                0x000000001000758a                net_pkt_ref
 .text.net_pkt_frag_unref
                0x00000000100075bc        0x8 zephyr/subsys/net/ip/libsubsys__net__ip.a(net_pkt.c.obj)
                0x00000000100075bc                net_pkt_frag_unref
 .text.net_pkt_unref
                0x00000000100075c4       0x54 zephyr/subsys/net/ip/libsubsys__net__ip.a(net_pkt.c.obj)
                0x00000000100075c4                net_pkt_unref
 .text.net_pkt_frag_insert
                0x0000000010007618       0x22 zephyr/subsys/net/ip/libsubsys__net__ip.a(net_pkt.c.obj)
                0x0000000010007618                net_pkt_frag_insert
 .text.net_pkt_available_buffer
                0x000000001000763a       0x42 zephyr/subsys/net/ip/libsubsys__net__ip.a(net_pkt.c.obj)
                0x000000001000763a                net_pkt_available_buffer
 .text.net_pkt_trim_buffer
                0x000000001000767c       0x4e zephyr/subsys/net/ip/libsubsys__net__ip.a(net_pkt.c.obj)
                0x000000001000767c                net_pkt_trim_buffer
 .text.net_pkt_cursor_init
                0x00000000100076ca        0xc zephyr/subsys/net/ip/libsubsys__net__ip.a(net_pkt.c.obj)
                0x00000000100076ca                net_pkt_cursor_init
 .text.pkt_alloc
                0x00000000100076d6       0x64 zephyr/subsys/net/ip/libsubsys__net__ip.a(net_pkt.c.obj)
 .text.net_pkt_append_buffer
                0x000000001000773a       0x20 zephyr/subsys/net/ip/libsubsys__net__ip.a(net_pkt.c.obj)
                0x000000001000773a                net_pkt_append_buffer
 .text.net_pkt_alloc_buffer_with_reserve
                0x000000001000775a      0x12e zephyr/subsys/net/ip/libsubsys__net__ip.a(net_pkt.c.obj)
                0x000000001000775a                net_pkt_alloc_buffer_with_reserve
 .text.net_pkt_alloc_buffer
                0x0000000010007888       0x9a zephyr/subsys/net/ip/libsubsys__net__ip.a(net_pkt.c.obj)
                0x0000000010007888                net_pkt_alloc_buffer
 .text.pkt_alloc_with_buffer
                0x0000000010007922       0x90 zephyr/subsys/net/ip/libsubsys__net__ip.a(net_pkt.c.obj)
 .text.net_pkt_alloc_with_buffer
                0x00000000100079b2       0x18 zephyr/subsys/net/ip/libsubsys__net__ip.a(net_pkt.c.obj)
                0x00000000100079b2                net_pkt_alloc_with_buffer
 .text.net_pkt_skip
                0x00000000100079ca        0xc zephyr/subsys/net/ip/libsubsys__net__ip.a(net_pkt.c.obj)
                0x00000000100079ca                net_pkt_skip
 .text.net_pkt_memset
                0x00000000100079d6       0x16 zephyr/subsys/net/ip/libsubsys__net__ip.a(net_pkt.c.obj)
                0x00000000100079d6                net_pkt_memset
 .text.net_pkt_read
                0x00000000100079ec        0x8 zephyr/subsys/net/ip/libsubsys__net__ip.a(net_pkt.c.obj)
                0x00000000100079ec                net_pkt_read
 .text.net_pkt_read_be32
                0x00000000100079f4       0x36 zephyr/subsys/net/ip/libsubsys__net__ip.a(net_pkt.c.obj)
                0x00000000100079f4                net_pkt_read_be32
 .text.net_pkt_copy
                0x0000000010007a2a       0xc8 zephyr/subsys/net/ip/libsubsys__net__ip.a(net_pkt.c.obj)
                0x0000000010007a2a                net_pkt_copy
 .text.net_pkt_remaining_data
                0x0000000010007af2       0x2c zephyr/subsys/net/ip/libsubsys__net__ip.a(net_pkt.c.obj)
                0x0000000010007af2                net_pkt_remaining_data
 .text.net_pkt_update_length
                0x0000000010007b1e       0x22 zephyr/subsys/net/ip/libsubsys__net__ip.a(net_pkt.c.obj)
                0x0000000010007b1e                net_pkt_update_length
 .text.net_pkt_get_current_offset
                0x0000000010007b40       0x30 zephyr/subsys/net/ip/libsubsys__net__ip.a(net_pkt.c.obj)
                0x0000000010007b40                net_pkt_get_current_offset
 .text.net_pkt_clone_internal
                0x0000000010007b70       0xf4 zephyr/subsys/net/ip/libsubsys__net__ip.a(net_pkt.c.obj)
 .text.net_pkt_clone
                0x0000000010007c64        0xa zephyr/subsys/net/ip/libsubsys__net__ip.a(net_pkt.c.obj)
                0x0000000010007c64                net_pkt_clone
 .text.net_pkt_get_contiguous_len
                0x0000000010007c6e       0x4a zephyr/subsys/net/ip/libsubsys__net__ip.a(net_pkt.c.obj)
                0x0000000010007c6e                net_pkt_get_contiguous_len
 .text.net_pkt_write
                0x0000000010007cb8       0x3c zephyr/subsys/net/ip/libsubsys__net__ip.a(net_pkt.c.obj)
                0x0000000010007cb8                net_pkt_write
 .text.net_pkt_get_data
                0x0000000010007cf4       0x5a zephyr/subsys/net/ip/libsubsys__net__ip.a(net_pkt.c.obj)
                0x0000000010007cf4                net_pkt_get_data
 .text.net_pkt_set_data
                0x0000000010007d4e        0x8 zephyr/subsys/net/ip/libsubsys__net__ip.a(net_pkt.c.obj)
                0x0000000010007d4e                net_pkt_set_data
 .text.net_pkt_init
                0x0000000010007d56        0x2 zephyr/subsys/net/ip/libsubsys__net__ip.a(net_pkt.c.obj)
                0x0000000010007d56                net_pkt_init
 .text.tc_rx_handler
                0x0000000010007d58       0x1a zephyr/subsys/net/ip/libsubsys__net__ip.a(net_tc.c.obj)
 .text.net_tc_submit_to_rx_queue
                0x0000000010007d72       0x22 zephyr/subsys/net/ip/libsubsys__net__ip.a(net_tc.c.obj)
                0x0000000010007d72                net_tc_submit_to_rx_queue
 .text.net_tx_priority2tc
                0x0000000010007d94        0x4 zephyr/subsys/net/ip/libsubsys__net__ip.a(net_tc.c.obj)
                0x0000000010007d94                net_tx_priority2tc
 .text.net_rx_priority2tc
                0x0000000010007d98       0x18 zephyr/subsys/net/ip/libsubsys__net__ip.a(net_tc.c.obj)
                0x0000000010007d98                net_rx_priority2tc
 .text.net_tc_tx_init
                0x0000000010007db0        0x2 zephyr/subsys/net/ip/libsubsys__net__ip.a(net_tc.c.obj)
                0x0000000010007db0                net_tc_tx_init
 .text.net_tc_rx_init
                0x0000000010007db2       0x5a zephyr/subsys/net/ip/libsubsys__net__ip.a(net_tc.c.obj)
                0x0000000010007db2                net_tc_rx_init
 .text.icmp_call_handlers
                0x0000000010007e0c       0x98 zephyr/subsys/net/ip/libsubsys__net__ip.a(icmp.c.obj)
 .text.net_icmp_init_ctx
                0x0000000010007ea4       0x8a zephyr/subsys/net/ip/libsubsys__net__ip.a(icmp.c.obj)
                0x0000000010007ea4                net_icmp_init_ctx
 .text.net_icmp_call_ipv6_handlers
                0x0000000010007f2e       0x18 zephyr/subsys/net/ip/libsubsys__net__ip.a(icmp.c.obj)
                0x0000000010007f2e                net_icmp_call_ipv6_handlers
 .text.net_ipv6_is_addr_unspecified_raw
                0x0000000010007f46       0x84 zephyr/subsys/net/ip/libsubsys__net__ip.a(connection.c.obj)
 .text.k_mutex_lock.constprop.0.isra.0
                0x0000000010007fca       0x10 zephyr/subsys/net/ip/libsubsys__net__ip.a(connection.c.obj)
 .text.k_mutex_unlock.constprop.0.isra.0
                0x0000000010007fda        0xc zephyr/subsys/net/ip/libsubsys__net__ip.a(connection.c.obj)
 .text.conn_addr_cmp
                0x0000000010007fe6       0x52 zephyr/subsys/net/ip/libsubsys__net__ip.a(connection.c.obj)
 .text.net_conn_input
                0x0000000010008038      0x218 zephyr/subsys/net/ip/libsubsys__net__ip.a(connection.c.obj)
                0x0000000010008038                net_conn_input
 .text.net_conn_init
                0x0000000010008250       0x4c zephyr/subsys/net/ip/libsubsys__net__ip.a(connection.c.obj)
                0x0000000010008250                net_conn_init
 .text.net_icmpv6_finalize
                0x000000001000829c       0x70 zephyr/subsys/net/ip/libsubsys__net__ip.a(icmpv6.c.obj)
                0x000000001000829c                net_icmpv6_finalize
 .text.net_icmpv6_create
                0x000000001000830c       0x48 zephyr/subsys/net/ip/libsubsys__net__ip.a(icmpv6.c.obj)
                0x000000001000830c                net_icmpv6_create
 .text.icmpv6_handle_echo_request
                0x0000000010008354      0x1b4 zephyr/subsys/net/ip/libsubsys__net__ip.a(icmpv6.c.obj)
 .text.net_icmpv6_send_error
                0x0000000010008508      0x20a zephyr/subsys/net/ip/libsubsys__net__ip.a(icmpv6.c.obj)
                0x0000000010008508                net_icmpv6_send_error
 .text.net_icmpv6_input
                0x0000000010008712       0x62 zephyr/subsys/net/ip/libsubsys__net__ip.a(icmpv6.c.obj)
                0x0000000010008712                net_icmpv6_input
 .text.net_icmpv6_init
                0x0000000010008774       0x1c zephyr/subsys/net/ip/libsubsys__net__ip.a(icmpv6.c.obj)
                0x0000000010008774                net_icmpv6_init
 .text.net_nbr_unref
                0x0000000010008790       0x18 zephyr/subsys/net/ip/libsubsys__net__ip.a(nbr.c.obj)
                0x0000000010008790                net_nbr_unref
 .text.net_nbr_ref
                0x00000000100087a8        0xc zephyr/subsys/net/ip/libsubsys__net__ip.a(nbr.c.obj)
                0x00000000100087a8                net_nbr_ref
 .text.net_nbr_get
                0x00000000100087b4       0x38 zephyr/subsys/net/ip/libsubsys__net__ip.a(nbr.c.obj)
                0x00000000100087b4                net_nbr_get
 .text.net_nbr_link
                0x00000000100087ec      0x110 zephyr/subsys/net/ip/libsubsys__net__ip.a(nbr.c.obj)
                0x00000000100087ec                net_nbr_link
 .text.net_nbr_unlink
                0x00000000100088fc       0x66 zephyr/subsys/net/ip/libsubsys__net__ip.a(nbr.c.obj)
                0x00000000100088fc                net_nbr_unlink
 .text.net_nbr_get_lladdr
                0x0000000010008962       0x12 zephyr/subsys/net/ip/libsubsys__net__ip.a(nbr.c.obj)
                0x0000000010008962                net_nbr_get_lladdr
 .text.net_ipv6_is_addr_loopback_raw
                0x0000000010008974       0xa8 zephyr/subsys/net/ip/libsubsys__net__ip.a(ipv6.c.obj)
 .text.net_ipv6_is_addr_mcast_scope_raw
                0x0000000010008a1c       0x1e zephyr/subsys/net/ip/libsubsys__net__ip.a(ipv6.c.obj)
 .text.net_ipv6_create
                0x0000000010008a3a       0xd4 zephyr/subsys/net/ip/libsubsys__net__ip.a(ipv6.c.obj)
                0x0000000010008a3a                net_ipv6_create
 .text.net_ipv6_finalize
                0x0000000010008b0e       0xca zephyr/subsys/net/ip/libsubsys__net__ip.a(ipv6.c.obj)
                0x0000000010008b0e                net_ipv6_finalize
 .text.net_ipv6_input
                0x0000000010008bd8      0x650 zephyr/subsys/net/ip/libsubsys__net__ip.a(ipv6.c.obj)
                0x0000000010008bd8                net_ipv6_input
 .text.net_ipv6_addr_generate_iid
                0x0000000010009228       0xfa zephyr/subsys/net/ip/libsubsys__net__ip.a(ipv6.c.obj)
                0x0000000010009228                net_ipv6_addr_generate_iid
 .text.net_ipv6_init
                0x0000000010009322       0x10 zephyr/subsys/net/ip/libsubsys__net__ip.a(ipv6.c.obj)
                0x0000000010009322                net_ipv6_init
 .text.net_ipv6_is_addr_unspecified_raw
                0x0000000010009332       0x84 zephyr/subsys/net/ip/libsubsys__net__ip.a(ipv6_nbr.c.obj)
 .text.net_if_get_link_addr
                0x00000000100093b6        0xa zephyr/subsys/net/ip/libsubsys__net__ip.a(ipv6_nbr.c.obj)
 .text.net_pkt_set_iface
                0x00000000100093c0       0x26 zephyr/subsys/net/ip/libsubsys__net__ip.a(ipv6_nbr.c.obj)
 .text.net_neighbor_remove
                0x00000000100093e6        0x2 zephyr/subsys/net/ip/libsubsys__net__ip.a(ipv6_nbr.c.obj)
                0x00000000100093e6                net_neighbor_remove
 .text.net_ipv6_addr_copy_raw
                0x00000000100093e8        0x6 zephyr/subsys/net/ip/libsubsys__net__ip.a(ipv6_nbr.c.obj)
 .text.net_if_flag_is_set
                0x00000000100093ee       0x1c zephyr/subsys/net/ip/libsubsys__net__ip.a(ipv6_nbr.c.obj)
 .text.k_uptime_get
                0x000000001000940a       0x16 zephyr/subsys/net/ip/libsubsys__net__ip.a(ipv6_nbr.c.obj)
 .text.ipv6_nd_restart_reachable_timer
                0x0000000010009420       0xc0 zephyr/subsys/net/ip/libsubsys__net__ip.a(ipv6_nbr.c.obj)
 .text.set_llao
                0x00000000100094e0       0x5c zephyr/subsys/net/ip/libsubsys__net__ip.a(ipv6_nbr.c.obj)
 .text.net_send_data
                0x000000001000953c       0x22 zephyr/subsys/net/ip/libsubsys__net__ip.a(ipv6_nbr.c.obj)
 .text.read_llao
                0x000000001000955e       0x62 zephyr/subsys/net/ip/libsubsys__net__ip.a(ipv6_nbr.c.obj)
 .text.ipv6_nbr_set_state
                0x00000000100095c0       0x72 zephyr/subsys/net/ip/libsubsys__net__ip.a(ipv6_nbr.c.obj)
 .text.nbr_new  0x0000000010009632       0xa6 zephyr/subsys/net/ip/libsubsys__net__ip.a(ipv6_nbr.c.obj)
 .text.dbg_update_neighbor_lladdr.constprop.0
                0x00000000100096d8       0x30 zephyr/subsys/net/ip/libsubsys__net__ip.a(ipv6_nbr.c.obj)
 .text.nbr_lookup.constprop.0
                0x0000000010009708       0x72 zephyr/subsys/net/ip/libsubsys__net__ip.a(ipv6_nbr.c.obj)
 .text.net_pkt_acknowledge_data.isra.0
                0x000000001000977a        0x4 zephyr/subsys/net/ip/libsubsys__net__ip.a(ipv6_nbr.c.obj)
 .text.net_linkaddr_set.isra.0
                0x000000001000977e       0x14 zephyr/subsys/net/ip/libsubsys__net__ip.a(ipv6_nbr.c.obj)
 .text.net_neighbor_table_clear
                0x0000000010009792        0x2 zephyr/subsys/net/ip/libsubsys__net__ip.a(ipv6_nbr.c.obj)
                0x0000000010009792                net_neighbor_table_clear
 .text.nbr_clear_ns_pending
                0x0000000010009794       0x2e zephyr/subsys/net/ip/libsubsys__net__ip.a(ipv6_nbr.c.obj)
 .text.nbr_free
                0x00000000100097c2       0x32 zephyr/subsys/net/ip/libsubsys__net__ip.a(ipv6_nbr.c.obj)
 .text.net_ipv6_nbr_lock
                0x00000000100097f4       0x10 zephyr/subsys/net/ip/libsubsys__net__ip.a(ipv6_nbr.c.obj)
                0x00000000100097f4                net_ipv6_nbr_lock
 .text.net_ipv6_nbr_unlock
                0x0000000010009804        0xc zephyr/subsys/net/ip/libsubsys__net__ip.a(ipv6_nbr.c.obj)
                0x0000000010009804                net_ipv6_nbr_unlock
 .text.net_ipv6_nbr_rm
                0x0000000010009810       0x46 zephyr/subsys/net/ip/libsubsys__net__ip.a(ipv6_nbr.c.obj)
                0x0000000010009810                net_ipv6_nbr_rm
 .text.add_nbr  0x0000000010009856       0xb8 zephyr/subsys/net/ip/libsubsys__net__ip.a(ipv6_nbr.c.obj)
 .text.net_ipv6_nbr_lookup
                0x000000001000990e       0x22 zephyr/subsys/net/ip/libsubsys__net__ip.a(ipv6_nbr.c.obj)
                0x000000001000990e                net_ipv6_nbr_lookup
 .text.net_ipv6_send_na
                0x0000000010009930       0xee zephyr/subsys/net/ip/libsubsys__net__ip.a(ipv6_nbr.c.obj)
                0x0000000010009930                net_ipv6_send_na
 .text.net_ipv6_nbr_set_reachable_timer
                0x0000000010009a1e       0x16 zephyr/subsys/net/ip/libsubsys__net__ip.a(ipv6_nbr.c.obj)
                0x0000000010009a1e                net_ipv6_nbr_set_reachable_timer
 .text.handle_na_input
                0x0000000010009a34      0x2ee zephyr/subsys/net/ip/libsubsys__net__ip.a(ipv6_nbr.c.obj)
 .text.net_ipv6_send_ns
                0x0000000010009d22      0x202 zephyr/subsys/net/ip/libsubsys__net__ip.a(ipv6_nbr.c.obj)
                0x0000000010009d22                net_ipv6_send_ns
 .text.net_ipv6_nbr_add
                0x0000000010009f24       0xb4 zephyr/subsys/net/ip/libsubsys__net__ip.a(ipv6_nbr.c.obj)
                0x0000000010009f24                net_ipv6_nbr_add
 .text.handle_ra_input
                0x0000000010009fd8      0x628 zephyr/subsys/net/ip/libsubsys__net__ip.a(ipv6_nbr.c.obj)
 .text.handle_ns_input
                0x000000001000a600      0x22e zephyr/subsys/net/ip/libsubsys__net__ip.a(ipv6_nbr.c.obj)
 .text.net_ipv6_start_dad
                0x000000001000a82e       0x10 zephyr/subsys/net/ip/libsubsys__net__ip.a(ipv6_nbr.c.obj)
                0x000000001000a82e                net_ipv6_start_dad
 .text.net_ipv6_prepare_for_send
                0x000000001000a83e      0x15e zephyr/subsys/net/ip/libsubsys__net__ip.a(ipv6_nbr.c.obj)
                0x000000001000a83e                net_ipv6_prepare_for_send
 .text.ipv6_ns_reply_timeout
                0x000000001000a99c      0x108 zephyr/subsys/net/ip/libsubsys__net__ip.a(ipv6_nbr.c.obj)
 .text.ipv6_nd_reachable_timeout
                0x000000001000aaa4      0x112 zephyr/subsys/net/ip/libsubsys__net__ip.a(ipv6_nbr.c.obj)
 .text.net_ipv6_send_rs
                0x000000001000abb6       0xde zephyr/subsys/net/ip/libsubsys__net__ip.a(ipv6_nbr.c.obj)
                0x000000001000abb6                net_ipv6_send_rs
 .text.net_ipv6_start_rs
                0x000000001000ac94        0x4 zephyr/subsys/net/ip/libsubsys__net__ip.a(ipv6_nbr.c.obj)
                0x000000001000ac94                net_ipv6_start_rs
 .text.net_ipv6_nbr_init
                0x000000001000ac98       0x84 zephyr/subsys/net/ip/libsubsys__net__ip.a(ipv6_nbr.c.obj)
                0x000000001000ac98                net_ipv6_nbr_init
 .text.net_pkt_write_be16
                0x000000001000ad1c       0x20 zephyr/subsys/net/ip/libsubsys__net__ip.a(ipv6_mld.c.obj)
 .text.mld_create
                0x000000001000ad3c       0x56 zephyr/subsys/net/ip/libsubsys__net__ip.a(ipv6_mld.c.obj)
 .text.mld_send
                0x000000001000ad92       0x46 zephyr/subsys/net/ip/libsubsys__net__ip.a(ipv6_mld.c.obj)
 .text.net_if_flag_is_set
                0x000000001000add8       0x1c zephyr/subsys/net/ip/libsubsys__net__ip.a(ipv6_mld.c.obj)
 .text.mld_create_packet
                0x000000001000adf4       0xba zephyr/subsys/net/ip/libsubsys__net__ip.a(ipv6_mld.c.obj)
 .text.handle_mld_query
                0x000000001000aeae      0x188 zephyr/subsys/net/ip/libsubsys__net__ip.a(ipv6_mld.c.obj)
 .text.net_ipv6_mld_send_single
                0x000000001000b036       0x62 zephyr/subsys/net/ip/libsubsys__net__ip.a(ipv6_mld.c.obj)
                0x000000001000b036                net_ipv6_mld_send_single
 .text.net_ipv6_mld_join
                0x000000001000b098       0x9e zephyr/subsys/net/ip/libsubsys__net__ip.a(ipv6_mld.c.obj)
                0x000000001000b098                net_ipv6_mld_join
 .text.net_ipv6_mld_init
                0x000000001000b136       0x1c zephyr/subsys/net/ip/libsubsys__net__ip.a(ipv6_mld.c.obj)
                0x000000001000b136                net_ipv6_mld_init
 .text.net_route_nexthop_remove
                0x000000001000b152        0x2 zephyr/subsys/net/ip/libsubsys__net__ip.a(route.c.obj)
 .text.nbr_new  0x000000001000b154       0x52 zephyr/subsys/net/ip/libsubsys__net__ip.a(route.c.obj)
 .text.net_send_data
                0x000000001000b1a6       0x22 zephyr/subsys/net/ip/libsubsys__net__ip.a(route.c.obj)
 .text.net_linkaddr_copy.isra.0
                0x000000001000b1c8       0x26 zephyr/subsys/net/ip/libsubsys__net__ip.a(route.c.obj)
 .text.sys_slist_find_and_remove.isra.0
                0x000000001000b1ee       0x32 zephyr/subsys/net/ip/libsubsys__net__ip.a(route.c.obj)
 .text.net_route_entries_table_clear
                0x000000001000b220        0x2 zephyr/subsys/net/ip/libsubsys__net__ip.a(route.c.obj)
 .text.net_route_entry_remove
                0x000000001000b222        0x2 zephyr/subsys/net/ip/libsubsys__net__ip.a(route.c.obj)
 .text.net_route_get_nbr
                0x000000001000b224       0x52 zephyr/subsys/net/ip/libsubsys__net__ip.a(route.c.obj)
                0x000000001000b224                net_route_get_nbr
 .text.net_route_lookup
                0x000000001000b276      0x104 zephyr/subsys/net/ip/libsubsys__net__ip.a(route.c.obj)
                0x000000001000b276                net_route_lookup
 .text.net_route_update_lifetime
                0x000000001000b37a       0xa2 zephyr/subsys/net/ip/libsubsys__net__ip.a(route.c.obj)
                0x000000001000b37a                net_route_update_lifetime
 .text.net_route_del
                0x000000001000b41c       0x8e zephyr/subsys/net/ip/libsubsys__net__ip.a(route.c.obj)
                0x000000001000b41c                net_route_del
 .text.route_lifetime_timeout
                0x000000001000b4aa       0xa6 zephyr/subsys/net/ip/libsubsys__net__ip.a(route.c.obj)
 .text.net_route_del_by_nexthop
                0x000000001000b550       0x76 zephyr/subsys/net/ip/libsubsys__net__ip.a(route.c.obj)
                0x000000001000b550                net_route_del_by_nexthop
 .text.net_route_get_nexthop
                0x000000001000b5c6       0x3a zephyr/subsys/net/ip/libsubsys__net__ip.a(route.c.obj)
                0x000000001000b5c6                net_route_get_nexthop
 .text.net_route_add
                0x000000001000b600      0x188 zephyr/subsys/net/ip/libsubsys__net__ip.a(route.c.obj)
                0x000000001000b600                net_route_add
 .text.net_route_get_info
                0x000000001000b788       0x6a zephyr/subsys/net/ip/libsubsys__net__ip.a(route.c.obj)
                0x000000001000b788                net_route_get_info
 .text.net_route_packet
                0x000000001000b7f2       0xc8 zephyr/subsys/net/ip/libsubsys__net__ip.a(route.c.obj)
                0x000000001000b7f2                net_route_packet
 .text.net_route_packet_if
                0x000000001000b8ba       0x78 zephyr/subsys/net/ip/libsubsys__net__ip.a(route.c.obj)
                0x000000001000b8ba                net_route_packet_if
 .text.net_route_init
                0x000000001000b932       0x14 zephyr/subsys/net/ip/libsubsys__net__ip.a(route.c.obj)
                0x000000001000b932                net_route_init
 .text.net_udp_finalize
                0x000000001000b946       0xc4 zephyr/subsys/net/ip/libsubsys__net__ip.a(udp.c.obj)
                0x000000001000b946                net_udp_finalize
 .text.net_udp_input
                0x000000001000ba0a       0xa6 zephyr/subsys/net/ip/libsubsys__net__ip.a(udp.c.obj)
                0x000000001000ba0a                net_udp_input
 .text.hazard3_irq_init
                0x000000001000bab0       0x2c zephyr/drivers/interrupt_controller/libdrivers__interrupt_controller.a(intc_hazard3.c.obj)
 .text.arch_irq_enable
                0x000000001000badc        0x6 zephyr/drivers/interrupt_controller/libdrivers__interrupt_controller.a(intc_hazard3.c.obj)
                0x000000001000badc                arch_irq_enable
 .text.gpio_set_dir
                0x000000001000bae2       0x26 zephyr/drivers/gpio/libdrivers__gpio.a(gpio_rpi_pico.c.obj)
 .text.gpio_rpi_port_get_raw
                0x000000001000bb08        0xc zephyr/drivers/gpio/libdrivers__gpio.a(gpio_rpi_pico.c.obj)
 .text.gpio_rpi_port_set_bits_raw
                0x000000001000bb14       0x2c zephyr/drivers/gpio/libdrivers__gpio.a(gpio_rpi_pico.c.obj)
 .text.gpio_rpi_port_clear_bits_raw
                0x000000001000bb40       0x2c zephyr/drivers/gpio/libdrivers__gpio.a(gpio_rpi_pico.c.obj)
 .text.gpio_rpi_port_toggle_bits
                0x000000001000bb6c       0x1a zephyr/drivers/gpio/libdrivers__gpio.a(gpio_rpi_pico.c.obj)
 .text.gpio_rpi_manage_callback
                0x000000001000bb86       0x4a zephyr/drivers/gpio/libdrivers__gpio.a(gpio_rpi_pico.c.obj)
 .text.gpio_rpi_get_pending_int
                0x000000001000bbd0       0x36 zephyr/drivers/gpio/libdrivers__gpio.a(gpio_rpi_pico.c.obj)
 .text.gpio_rpi_bank_init
                0x000000001000bc06       0x18 zephyr/drivers/gpio/libdrivers__gpio.a(gpio_rpi_pico.c.obj)
 .text.gpio_rpi_pin_interrupt_configure
                0x000000001000bc1e       0x56 zephyr/drivers/gpio/libdrivers__gpio.a(gpio_rpi_pico.c.obj)
 .text.bank_0_config_func
                0x000000001000bc74        0x6 zephyr/drivers/gpio/libdrivers__gpio.a(gpio_rpi_pico.c.obj)
 .text.gpio_rpi_isr
                0x000000001000bc7a       0xb4 zephyr/drivers/gpio/libdrivers__gpio.a(gpio_rpi_pico.c.obj)
 .text.gpio_rpi_port_set_masked_raw
                0x000000001000bd2e       0x42 zephyr/drivers/gpio/libdrivers__gpio.a(gpio_rpi_pico.c.obj)
 .text.gpio_rpi_configure
                0x000000001000bd70      0x13c zephyr/drivers/gpio/libdrivers__gpio.a(gpio_rpi_pico.c.obj)
 .text.gpio_pin_configure_dt
                0x000000001000beac       0x5a zephyr/drivers/spi/libdrivers__spi.a(spi_bitbang.c.obj)
 .text.gpio_pin_get_dt
                0x000000001000bf06       0x36 zephyr/drivers/spi/libdrivers__spi.a(spi_bitbang.c.obj)
 .text.spi_context_get_next_buf
                0x000000001000bf3c       0x2c zephyr/drivers/spi/libdrivers__spi.a(spi_bitbang.c.obj)
 .text.gpio_pin_set_dt.isra.0
                0x000000001000bf68       0x28 zephyr/drivers/spi/libdrivers__spi.a(spi_bitbang.c.obj)
 .text.spi_bitbang_init
                0x000000001000bf90      0x168 zephyr/drivers/spi/libdrivers__spi.a(spi_bitbang.c.obj)
                0x000000001000bf90                spi_bitbang_init
 .text.spi_bitbang_release
                0x000000001000c0f8       0x3a zephyr/drivers/spi/libdrivers__spi.a(spi_bitbang.c.obj)
                0x000000001000c0f8                spi_bitbang_release
 .text.spi_bitbang_transceive
                0x000000001000c132      0x446 zephyr/drivers/spi/libdrivers__spi.a(spi_bitbang.c.obj)
 .text.mtime    0x000000001000c578       0x18 zephyr/drivers/timer/libdrivers__timer.a(riscv_machine_timer.c.obj)
 .text.sys_clock_driver_init
                0x000000001000c590       0x70 zephyr/drivers/timer/libdrivers__timer.a(riscv_machine_timer.c.obj)
 .text.timer_isr
                0x000000001000c600       0x70 zephyr/drivers/timer/libdrivers__timer.a(riscv_machine_timer.c.obj)
 .text.sys_clock_set_timeout
                0x000000001000c670       0xb2 zephyr/drivers/timer/libdrivers__timer.a(riscv_machine_timer.c.obj)
                0x000000001000c670                sys_clock_set_timeout
 .text.sys_clock_elapsed
                0x000000001000c722       0x38 zephyr/drivers/timer/libdrivers__timer.a(riscv_machine_timer.c.obj)
                0x000000001000c722                sys_clock_elapsed
 .text.sys_clock_cycle_get_32
                0x000000001000c75a        0xe zephyr/drivers/timer/libdrivers__timer.a(riscv_machine_timer.c.obj)
                0x000000001000c75a                sys_clock_cycle_get_32
 .text._gpio_set_irq_enabled
                0x000000001000c768       0x2a modules/hal_rpi_pico/libmodules__hal_rpi_pico.a(gpio.c.obj)
 .text.gpio_set_function
                0x000000001000c792       0x30 modules/hal_rpi_pico/libmodules__hal_rpi_pico.a(gpio.c.obj)
                0x000000001000c792                gpio_set_function
 .text.gpio_set_pulls
                0x000000001000c7c2       0x1e modules/hal_rpi_pico/libmodules__hal_rpi_pico.a(gpio.c.obj)
                0x000000001000c7c2                gpio_set_pulls
 .text.gpio_set_irq_enabled
                0x000000001000c7e0       0x1a modules/hal_rpi_pico/libmodules__hal_rpi_pico.a(gpio.c.obj)
                0x000000001000c7e0                gpio_set_irq_enabled
 .text.gpio_set_input_enabled
                0x000000001000c7fa       0x1a modules/hal_rpi_pico/libmodules__hal_rpi_pico.a(gpio.c.obj)
                0x000000001000c7fa                gpio_set_input_enabled
 .text.irq_set_mask_n_enabled_internal
                0x000000001000c814       0x2e modules/hal_rpi_pico/libmodules__hal_rpi_pico.a(irq.c.obj)
 .text.irq_set_enabled
                0x000000001000c842        0xc modules/hal_rpi_pico/libmodules__hal_rpi_pico.a(irq.c.obj)
                0x000000001000c842                irq_set_enabled
 .text.z_impl_k_busy_wait
                0x000000001000c84e       0x32 zephyr/kernel/libkernel.a(busy_wait.c.obj)
                0x000000001000c84e                z_impl_k_busy_wait
 .text.do_device_init
                0x000000001000c880       0x48 zephyr/kernel/libkernel.a(device.c.obj)
                0x000000001000c880                do_device_init
 .text.z_impl_device_is_ready
                0x000000001000c8c8       0x1c zephyr/kernel/libkernel.a(device.c.obj)
                0x000000001000c8c8                z_impl_device_is_ready
 .text.arch_system_halt
                0x000000001000c8e4        0x6 zephyr/kernel/libkernel.a(fatal.c.obj)
                0x000000001000c8e4                arch_system_halt
 .text.k_sys_fatal_error_handler
                0x000000001000c8ea       0x28 zephyr/kernel/libkernel.a(fatal.c.obj)
                0x000000001000c8ea                k_sys_fatal_error_handler
 .text.z_fatal_error
                0x000000001000c912      0x10a zephyr/kernel/libkernel.a(fatal.c.obj)
                0x000000001000c912                z_fatal_error
 .text.z_sys_init_run_level
                0x000000001000ca1c       0x40 zephyr/kernel/libkernel.a(init.c.obj)
 .text.bg_thread_main
                0x000000001000ca5c       0xca zephyr/kernel/libkernel.a(init.c.obj)
 .text.z_init_cpu
                0x000000001000cb26       0x88 zephyr/kernel/libkernel.a(init.c.obj)
                0x000000001000cb26                z_init_cpu
 .text.z_cstart
                0x000000001000cbae       0xc6 zephyr/kernel/libkernel.a(init.c.obj)
                0x000000001000cbae                z_cstart
 .text.k_heap_init
                0x000000001000cc74        0xc zephyr/kernel/libkernel.a(kheap.c.obj)
                0x000000001000cc74                k_heap_init
 .text.statics_init
                0x000000001000cc80       0x36 zephyr/kernel/libkernel.a(kheap.c.obj)
 .text.k_heap_free
                0x000000001000ccb6       0x3e zephyr/kernel/libkernel.a(kheap.c.obj)
                0x000000001000ccb6                k_heap_free
 .text.create_free_list
                0x000000001000ccf4       0x34 zephyr/kernel/libkernel.a(mem_slab.c.obj)
 .text.init_mem_slab_obj_core_list
                0x000000001000cd28       0x36 zephyr/kernel/libkernel.a(mem_slab.c.obj)
 .text.k_mem_slab_alloc
                0x000000001000cd5e       0x58 zephyr/kernel/libkernel.a(mem_slab.c.obj)
                0x000000001000cd5e                k_mem_slab_alloc
 .text.k_mem_slab_free
                0x000000001000cdb6       0x88 zephyr/kernel/libkernel.a(mem_slab.c.obj)
                0x000000001000cdb6                k_mem_slab_free
 .text.idle     0x000000001000ce3e        0xe zephyr/kernel/libkernel.a(idle.c.obj)
                0x000000001000ce3e                idle
 .text.adjust_owner_prio.isra.0
                0x000000001000ce4c       0x10 zephyr/kernel/libkernel.a(mutex.c.obj)
 .text.z_impl_k_mutex_init
                0x000000001000ce5c       0x10 zephyr/kernel/libkernel.a(mutex.c.obj)
                0x000000001000ce5c                z_impl_k_mutex_init
 .text.z_impl_k_mutex_lock
                0x000000001000ce6c       0xec zephyr/kernel/libkernel.a(mutex.c.obj)
                0x000000001000ce6c                z_impl_k_mutex_lock
 .text.z_impl_k_mutex_unlock
                0x000000001000cf58       0xac zephyr/kernel/libkernel.a(mutex.c.obj)
                0x000000001000cf58                z_impl_k_mutex_unlock
 .text.unpend_thread_no_timeout
                0x000000001000d004       0x20 zephyr/kernel/libkernel.a(queue.c.obj)
 .text.queue_insert
                0x000000001000d024       0xde zephyr/kernel/libkernel.a(queue.c.obj)
 .text.z_queue_node_peek
                0x000000001000d102       0x22 zephyr/kernel/libkernel.a(queue.c.obj)
                0x000000001000d102                z_queue_node_peek
 .text.z_impl_k_queue_init
                0x000000001000d124       0x1a zephyr/kernel/libkernel.a(queue.c.obj)
                0x000000001000d124                z_impl_k_queue_init
 .text.k_queue_append
                0x000000001000d13e        0xc zephyr/kernel/libkernel.a(queue.c.obj)
                0x000000001000d13e                k_queue_append
 .text.k_queue_prepend
                0x000000001000d14a        0xc zephyr/kernel/libkernel.a(queue.c.obj)
                0x000000001000d14a                k_queue_prepend
 .text.z_impl_k_queue_get
                0x000000001000d156       0x60 zephyr/kernel/libkernel.a(queue.c.obj)
                0x000000001000d156                z_impl_k_queue_get
 .text.k_queue_unique_append
                0x000000001000d1b6       0x22 zephyr/kernel/libkernel.a(queue.c.obj)
                0x000000001000d1b6                k_queue_unique_append
 .text.z_impl_k_sem_init
                0x000000001000d1d8       0x20 zephyr/kernel/libkernel.a(sem.c.obj)
                0x000000001000d1d8                z_impl_k_sem_init
 .text.z_impl_k_sem_give
                0x000000001000d1f8       0x82 zephyr/kernel/libkernel.a(sem.c.obj)
                0x000000001000d1f8                z_impl_k_sem_give
 .text.z_impl_k_sem_take
                0x000000001000d27a       0x38 zephyr/kernel/libkernel.a(sem.c.obj)
                0x000000001000d27a                z_impl_k_sem_take
 .text.flag_test_and_clear
                0x000000001000d2b2        0xe zephyr/kernel/libkernel.a(work.c.obj)
 .text.unschedule_locked
                0x000000001000d2c0       0x26 zephyr/kernel/libkernel.a(work.c.obj)
 .text.notify_queue_locked.isra.0
                0x000000001000d2e6       0x10 zephyr/kernel/libkernel.a(work.c.obj)
 .text.work_queue_main
                0x000000001000d2f6      0x14e zephyr/kernel/libkernel.a(work.c.obj)
 .text.cancel_async_locked
                0x000000001000d444       0x76 zephyr/kernel/libkernel.a(work.c.obj)
 .text.submit_to_queue_locked
                0x000000001000d4ba       0xd0 zephyr/kernel/libkernel.a(work.c.obj)
 .text.work_timeout
                0x000000001000d58a       0x3e zephyr/kernel/libkernel.a(work.c.obj)
 .text.z_work_submit_to_queue
                0x000000001000d5c8       0x22 zephyr/kernel/libkernel.a(work.c.obj)
                0x000000001000d5c8                z_work_submit_to_queue
 .text.k_work_queue_start
                0x000000001000d5ea       0x88 zephyr/kernel/libkernel.a(work.c.obj)
                0x000000001000d5ea                k_work_queue_start
 .text.k_work_init_delayable
                0x000000001000d672       0x28 zephyr/kernel/libkernel.a(work.c.obj)
                0x000000001000d672                k_work_init_delayable
 .text.k_work_reschedule_for_queue
                0x000000001000d69a       0x5c zephyr/kernel/libkernel.a(work.c.obj)
                0x000000001000d69a                k_work_reschedule_for_queue
 .text.k_work_reschedule
                0x000000001000d6f6       0x12 zephyr/kernel/libkernel.a(work.c.obj)
                0x000000001000d6f6                k_work_reschedule
 .text.k_work_cancel_delayable
                0x000000001000d708       0x2a zephyr/kernel/libkernel.a(work.c.obj)
                0x000000001000d708                k_work_cancel_delayable
 .text.k_is_in_isr
                0x000000001000d732        0xe zephyr/kernel/libkernel.a(thread.c.obj)
                0x000000001000d732                k_is_in_isr
 .text.z_impl_k_thread_name_set
                0x000000001000d740        0x6 zephyr/kernel/libkernel.a(thread.c.obj)
                0x000000001000d740                z_impl_k_thread_name_set
 .text.k_thread_name_get
                0x000000001000d746        0x4 zephyr/kernel/libkernel.a(thread.c.obj)
                0x000000001000d746                k_thread_name_get
 .text.z_setup_new_thread
                0x000000001000d74a       0x9e zephyr/kernel/libkernel.a(thread.c.obj)
                0x000000001000d74a                z_setup_new_thread
 .text.z_impl_k_thread_create
                0x000000001000d7e8       0x54 zephyr/kernel/libkernel.a(thread.c.obj)
                0x000000001000d7e8                z_impl_k_thread_create
 .text.z_dummy_thread_init
                0x000000001000d83c       0x22 zephyr/kernel/libkernel.a(thread.c.obj)
                0x000000001000d83c                z_dummy_thread_init
 .text.sys_dlist_remove
                0x000000001000d85e       0x12 zephyr/kernel/libkernel.a(sched.c.obj)
 .text.unpend_thread_no_timeout
                0x000000001000d870       0x22 zephyr/kernel/libkernel.a(sched.c.obj)
 .text.ready_thread
                0x000000001000d892       0xa8 zephyr/kernel/libkernel.a(sched.c.obj)
 .text.unready_thread
                0x000000001000d93a       0x78 zephyr/kernel/libkernel.a(sched.c.obj)
 .text.add_thread_timeout
                0x000000001000d9b2       0x1e zephyr/kernel/libkernel.a(sched.c.obj)
 .text.z_swap   0x000000001000d9d0       0x66 zephyr/kernel/libkernel.a(sched.c.obj)
 .text.add_to_waitq_locked
                0x000000001000da36       0x60 zephyr/kernel/libkernel.a(sched.c.obj)
 .text.move_current_to_end_of_prio_q
                0x000000001000da96       0x8c zephyr/kernel/libkernel.a(sched.c.obj)
                0x000000001000da96                move_current_to_end_of_prio_q
 .text.z_ready_thread
                0x000000001000db22       0x1c zephyr/kernel/libkernel.a(sched.c.obj)
                0x000000001000db22                z_ready_thread
 .text.z_unpend_thread_no_timeout
                0x000000001000db3e       0x20 zephyr/kernel/libkernel.a(sched.c.obj)
                0x000000001000db3e                z_unpend_thread_no_timeout
 .text.z_sched_wake_thread
                0x000000001000db5e       0x40 zephyr/kernel/libkernel.a(sched.c.obj)
                0x000000001000db5e                z_sched_wake_thread
 .text.z_thread_timeout
                0x000000001000db9e        0x8 zephyr/kernel/libkernel.a(sched.c.obj)
                0x000000001000db9e                z_thread_timeout
 .text.z_pend_curr
                0x000000001000dba6       0x48 zephyr/kernel/libkernel.a(sched.c.obj)
                0x000000001000dba6                z_pend_curr
 .text.z_unpend1_no_timeout
                0x000000001000dbee       0x2e zephyr/kernel/libkernel.a(sched.c.obj)
                0x000000001000dbee                z_unpend1_no_timeout
 .text.z_unpend_thread
                0x000000001000dc1c       0x1a zephyr/kernel/libkernel.a(sched.c.obj)
                0x000000001000dc1c                z_unpend_thread
 .text.z_thread_prio_set
                0x000000001000dc36      0x118 zephyr/kernel/libkernel.a(sched.c.obj)
                0x000000001000dc36                z_thread_prio_set
 .text.z_reschedule
                0x000000001000dd4e       0x24 zephyr/kernel/libkernel.a(sched.c.obj)
                0x000000001000dd4e                z_reschedule
 .text.z_reschedule_irqlock
                0x000000001000dd72       0x52 zephyr/kernel/libkernel.a(sched.c.obj)
                0x000000001000dd72                z_reschedule_irqlock
 .text.k_sched_lock
                0x000000001000ddc4       0x20 zephyr/kernel/libkernel.a(sched.c.obj)
                0x000000001000ddc4                k_sched_lock
 .text.k_sched_unlock
                0x000000001000dde4       0x72 zephyr/kernel/libkernel.a(sched.c.obj)
                0x000000001000dde4                k_sched_unlock
 .text.z_swap_next_thread
                0x000000001000de56        0xc zephyr/kernel/libkernel.a(sched.c.obj)
                0x000000001000de56                z_swap_next_thread
 .text.z_get_next_switch_handle
                0x000000001000de62       0x18 zephyr/kernel/libkernel.a(sched.c.obj)
                0x000000001000de62                z_get_next_switch_handle
 .text.z_unpend_all
                0x000000001000de7a       0x30 zephyr/kernel/libkernel.a(sched.c.obj)
                0x000000001000de7a                z_unpend_all
 .text.z_sched_init
                0x000000001000deaa       0x16 zephyr/kernel/libkernel.a(sched.c.obj)
                0x000000001000deaa                z_sched_init
 .text.z_impl_k_yield
                0x000000001000dec0       0x9c zephyr/kernel/libkernel.a(sched.c.obj)
                0x000000001000dec0                z_impl_k_yield
 .text.z_tick_sleep
                0x000000001000df5c       0x86 zephyr/kernel/libkernel.a(sched.c.obj)
 .text.z_impl_k_sleep
                0x000000001000dfe2       0x4a zephyr/kernel/libkernel.a(sched.c.obj)
                0x000000001000dfe2                z_impl_k_sleep
 .text.z_impl_k_wakeup
                0x000000001000e02c       0x46 zephyr/kernel/libkernel.a(sched.c.obj)
                0x000000001000e02c                z_impl_k_wakeup
 .text.z_impl_k_sched_current_thread_query
                0x000000001000e072        0xc zephyr/kernel/libkernel.a(sched.c.obj)
                0x000000001000e072                z_impl_k_sched_current_thread_query
 .text.z_thread_abort
                0x000000001000e07e      0x148 zephyr/kernel/libkernel.a(sched.c.obj)
                0x000000001000e07e                z_thread_abort
 .text.z_impl_k_thread_abort
                0x000000001000e1c6        0x4 zephyr/kernel/libkernel.a(sched.c.obj)
                0x000000001000e1c6                z_impl_k_thread_abort
 .text.z_sched_wake
                0x000000001000e1ca       0x44 zephyr/kernel/libkernel.a(sched.c.obj)
                0x000000001000e1ca                z_sched_wake
 .text.z_sched_wait
                0x000000001000e20e       0x24 zephyr/kernel/libkernel.a(sched.c.obj)
                0x000000001000e20e                z_sched_wait
 .text.z_time_slice_size
                0x000000001000e232       0x44 zephyr/kernel/libkernel.a(timeslicing.c.obj)
 .text.slice_timeout
                0x000000001000e276       0x2c zephyr/kernel/libkernel.a(timeslicing.c.obj)
 .text.z_reset_time_slice
                0x000000001000e2a2       0x66 zephyr/kernel/libkernel.a(timeslicing.c.obj)
                0x000000001000e2a2                z_reset_time_slice
 .text.z_time_slice
                0x000000001000e308       0x54 zephyr/kernel/libkernel.a(timeslicing.c.obj)
                0x000000001000e308                z_time_slice
 .text.first    0x000000001000e35c       0x12 zephyr/kernel/libkernel.a(timeout.c.obj)
 .text.next_timeout
                0x000000001000e36e       0x42 zephyr/kernel/libkernel.a(timeout.c.obj)
 .text.elapsed  0x000000001000e3b0       0x12 zephyr/kernel/libkernel.a(timeout.c.obj)
 .text.remove_timeout
                0x000000001000e3c2       0x3c zephyr/kernel/libkernel.a(timeout.c.obj)
 .text.timeout_rem
                0x000000001000e3fe       0x44 zephyr/kernel/libkernel.a(timeout.c.obj)
 .text.z_add_timeout
                0x000000001000e442      0x164 zephyr/kernel/libkernel.a(timeout.c.obj)
                0x000000001000e442                z_add_timeout
 .text.z_abort_timeout
                0x000000001000e5a6       0x54 zephyr/kernel/libkernel.a(timeout.c.obj)
                0x000000001000e5a6                z_abort_timeout
 .text.z_timeout_remaining
                0x000000001000e5fa       0x4a zephyr/kernel/libkernel.a(timeout.c.obj)
                0x000000001000e5fa                z_timeout_remaining
 .text.sys_clock_announce
                0x000000001000e644       0xce zephyr/kernel/libkernel.a(timeout.c.obj)
                0x000000001000e644                sys_clock_announce
 .text.sys_clock_tick_get
                0x000000001000e712       0x38 zephyr/kernel/libkernel.a(timeout.c.obj)
                0x000000001000e712                sys_clock_tick_get
 .text.sys_clock_tick_get_32
                0x000000001000e74a        0xe zephyr/kernel/libkernel.a(timeout.c.obj)
                0x000000001000e74a                sys_clock_tick_get_32
 .text.z_impl_k_uptime_ticks
                0x000000001000e758        0x4 zephyr/kernel/libkernel.a(timeout.c.obj)
                0x000000001000e758                z_impl_k_uptime_ticks
 .text.sys_timepoint_calc
                0x000000001000e75c       0x5a zephyr/kernel/libkernel.a(timeout.c.obj)
                0x000000001000e75c                sys_timepoint_calc
 .text.sys_timepoint_timeout